========================================================
3 day - 10ðŸ’²
7 days - 30ðŸ’²
1 month - 70ðŸ’²
3 month - 140ðŸ’²

â€¢ Daily uploads ðŸ“¥  
â€¢ Premium Cloud Service ðŸ‘‘  
â€¢ Best Private Hotmail Accounts ðŸ‘‘  
â€¢ Daily updates of 5000-30,000 fresh, high-quality, and Valids accounts âœ… 

      public channel: https://t.me/+uTq4ZOVpt9tkMzE0

               Owner: @Z_4VS
========================================================
VALIDATEDSOURCE@Z_4VSBUY
secure_extract_z4vs@msn.com:Tk8$Xr9Protected
wolfcloud_source@live.com:Yp7*Tr6Qx8
https://t.me/Z_4VS
VALIDATEDSOURCE@Z_4VSBUY
z4vs_verified_access@live.com:Rq8$Yp4Secure
WVALIDWQUALITY@Z_4VSwBUY
WVALIDWQUALITY@Z_4VSwBUY
andrea_engapos@hotmail.com:WorivasY23
glofernicolle@hotmail.com:Valentina12
mandyvirk1@hotmail.com:Walmart1!!
de-oliveira@outlook.fr:Griffe90
e-friis@hotmail.com:Friis6959
janine_517@hotmail.com:Cheryl29##@
baggymomos@hotmail.com:Hondadx25#
demeyerval@hotmail.fr:Pikamama69.
extracted.by.z4vs@msn.com:VaultXr6*Lp2
wolfcloud_auth@outlook.com:Z4VS!Xp7Lm9
https://t.me/Z_4VS
ali342@hotmail.com:Ali181412
wolfcloud_privates@live.com:HiddenAccessYq6!
lusida@hotmail.it:Simone6709
wolfcloud_source@live.com:Yp7*Tr6Qx8
chantalwiggermans1997@hotmail.com:Chantal15!!
lee_markham90@hotmail.co.uk:Wardrobe_123
a.joaquim.ribeiro@hotmail.com:Jessica2006
borecky42@hotmail.com:Nate4452
janeth233@live.com:Cobos233$
thicksauce15@live.com:khalissalyssa1
dormat7@hotmail.com:Matty5612!
candipedro@hotmail.com:Trinidad1
jchappelle24@hotmail.com:Chappelle24!
WVALIDWQUALITY@Z_4VSwBUY
lorenzroke@hotmail.com:Pogi7644
metinyesilcay@hotmail.com:778899Mm....
plc79@hotmail.fr:Pierre1945$$
pbusch550@hotmail.com:Iluvjesus1
samumix4you@hotmail.it:samuelino88
mariam0792@hotmail.com:L0v3upp!!
heidi.r@hotmail.co.uk:Heidir1967
joytule@live.com:Nhatuyen516!!!
VALIDATEDSOURCE@Z_4VSBUY
malujo@hotmail.com:Mesa1990
JORGERECALDEFLORES@HOTMAIL.COM:jr2370419
ht1tps://t.me/Z_4VS
aminatae@hotmail.com:2Leternel
nicolasboss11@hotmail.fr:Mm04081995
vagner.f.guari@hotmail.com:vfg427464
taillandmichel@hotmail.fr:Micnic030717
kosque@hotmail.com:Mitosis3
zacharie_gartner@hotmail.com:Tristan03!
delaplace-ludovic@hotmail.fr:Noajane60
charlanne.nicolas@hotmail.fr:Jeni1003@@
nayjt84@hotmail.com:Purplesocks84
berardobonilla@hotmail.com:Camila1026
joop234@live.co.uk:Fitton123
bobert90@hotmail.com:Bob676gdw!!!
sams42@hotmail.com:Fidelis1014
z4vs_verified_access@live.com:Rq8$Yp4Secure
rodryguevara10@outlook.com:Yael100904
nesleekaye@hotmail.com:Mcflurry008!
marcoriccardi@hotmail.it:Pollinos1?!
cezar13_16@hotmail.com:Glxeldm2.
barajaslisa@hotmail.com:Lucy1971$$$
tetsu927taka@outlook.jp:Campug00
1https://t.me/Z_4VS
rupam.islam95@outlook.com:Nadimul%1995
julianacoelho86@hotmail.com:knastra55
ceciliaalvescosta@hotmail.com:Cecilia10!*
Rafadinamita@hotmail.es:Diosesamor1
oskarlarsson93@hotmail.com:Megaboy93
laura.ovesen.svendsen@outlook.dk:busterstampe2
zam_urd@hotmail.com:Univest2016
jacob-sanders9@outlook.com:Spikeball9!!
caffeine_all4u@hotmail.com:Caffeineall4U
amardipmann@hotmail.com:Lakeside1!!
cruste@hotmail.de:Kloppkopp2!
rodrigo-ace@hotmail.com:Rahc16011998
mehdijollylaarif@hotmail.fr:Mehdi0627285503
ericasbm@outlook.com:kin22nega
exclusive_wolfcloud_db@live.com:VaultTm8$Yp9
fil_mor@hotmail.it:Marsciano93
shuman530@hotmail.com:mischief530
stas274@msn.com:Cheese22!!
lsm_66@hotmail.com:Luis2203
payna250982@hotmail.com:Nando250982
an-sab@hotmail.de:Reyno000
nadia0073@hotmail.fr:Philou73!!
wolfcloud_auth@outlook.com:Z4VS!Xp7Lm9
kiki19860218@hotmail.com:Kiki8157
arrozcon_leche@msn.com:Margarita7531
growan69@hotmail.com:Growan62@
oliverhook@outlook.com:TheCreed1223!
daniel_4178@hotmail.com:Daniel91
miyonlee4787@hotmail.com:Cookiesi8!!
wolfcloud_encoded@msn.com:Lm7$Xr9Secure
Nerea_saez_zarzamora@hotmail.com:Comprasnsz1@
nataliapanao02@outlook.com:Tucunare2008
yehez_2305@hotmail.com:yehez123
dorianboone@live.fr:Poiplo1234
tina.carmine@live.it:carmine24
mel11marc@hotmail.com:Elimax0517
enidan_10@hotmail.com:22.4lucky
delphin3@hotmail.be:Noa240414@
profurgol06@hotmail.com:V4rh085ta@
junginger@live.de:Zeburinder
hufongxx@hotmail.com:Happysky1
marion-loic@hotmail.fr:Louis2405
emannuelgouveia@hotmail.com:emannuel321*
thomasbrausse@hotmail.de:Janinka500
connormcculloch1@hotmail.co.uk:Conmotox7!
grazi.simoess@hotmail.com:Oxumare12$$$
drdoom45@hotmail.com:Dionisio31
extracted.by.z4vs@msn.com:VaultXr6*Lp2
furiousrd@hotmail.com:13Animals
exclusive_wolfcloud_db@live.com:VaultTm8$Yp9
d-ahrens@hotmail.com:10Amoselma
laura_jane2084@hotmail.com:Scooby25172611
pakson@hotmail.co.jp:koukaku9
brunoclim@hotmail.com:BR210581
delanydls@hotmail.com:Dela$1964@
wolf24b@hotmail.com:Welcome24+
agrace97@live.com:Rev216aa1!!
lesliepinnix83@hotmail.com:Celica83
junior0907@hotmail.com:Jr290697
wolfcloud_privates@live.com:HiddenAccessYq6!
lupiz.liz@hotmail.com:joseluto1
z4vs_verified_access@live.com:Rq8$Yp4Secure
lual.oliveira@hotmail.com:Marcela1996@
persia54@live.fr:Sables54
christian.urso@outlook.com:Doggies00!
data_access_wolfcloud@msn.com:TrustedTr5!Lm2
flavior.sales@outlook.com:Frsa1983#
dilaver0065@hotmail.com:Dilaver11
z4vs_verified_access@live.com:Rq8$Yp4Secure
hec_70r@hotmail.com:Octubre2210
marubuca@hotmail.com:Diciembre
pieter.carrette@hotmail.com:Bierbuik5
katapron@hotmail.com:Organism0
domi_007@live.fr:Domi8169
haliltinkir333@outlook.com:Eedh1974....
yzamel.aisa@hotmail.com:Zamelborn8.
alexsanderbrasil2008@outlook.com:Alexspr47$
extracted_from_wolf@outlook.com:AccessTr6!Qx5
vapourqueens@outlook.com:Km09290910
https://t.me/Z_4VS
rascal1121@hotmail.com:Paty1954!
chnna1241@outlook.com:Dionta1241!!
WVALIDWQUALITY@Z_4VSwBUY
fredseniz@hotmail.fr:Froute1958!
extracted_from_wolf@outlook.com:AccessTr6!Qx5
qaz123ws68@hotmail.com:T6r5a2c0y.
wolfcloud_auth@outlook.com:Z4VS!Xp7Lm9
https://t.me/Z_4VS
wolfcloud_encoded@msn.com:Lm7$Xr9Secure
renatomoreiralima@hotmail.com:R@to02887579
ligia_leao@hotmail.com:Pipoquinha05
pat.given_11@hotmail.com:Sedlid25!
marguerite2457@hotmail.fr:Geschier24!
annamaria.fioriello@hotmail.it:Camilla1
wolfcloud_auth@outlook.com:Z4VS!Xp7Lm9
momo-kdu78@live.fr:Doudou78@
sensemaxx@hotmail.com:maxvr2110.
jimmycelien@outlook.com:Cr2511Jr1810.
tartao@hotmail.com:TADA0421@
badtae@hotmail.com:Aa20169069
msykksm@outlook.jp:Kussy0124
anderson_lauria@hotmail.com:avdl2105*
VALIDATEDSOURCE@Z_4VSBUY
nellygouzien@hotmail.fr:Betty2000!
dlengenhariaeprojetos@outlook.com.br:Mariacidadd1@&
tonamiframboise@live.ca:Mondoro1230!
jmnnicolas28@hotmail.com:Vacaciones28@
paul.castro90@outlook.com:Paul131090!
https://t.me/Z_4VS
lajeu71@hotmail.com:Hockey2011
cleber_cristiano12@hotmail.com:Clebinho12@
ht1tps://t.me/Z_4VS
mavivalera@hotmail.es:Teatro22
marcel.smith@hotmail.com:5GoldenTicket$
dextherruiz@outlook.com:Crystaldane_07!
private_Cloud_Wolf@outlook.com:Nf9$Xp7Vault
wolfcloud_source@live.com:Yp7*Tr6Qx8
wolfcloud_privates@live.com:HiddenAccessYq6!
wolfcloud_source@live.com:Yp7*Tr6Qx8
dinemchausky@outlook.com:Dk161821!!
nathaneaires12@outlook.com:Nathane12
lucio_angelo79@hotmail.com:Lu130408********
delrio.ignacio@outlook.com.ar:Lapicera1005
eastwood.1995@hotmail.co.uk:Mapleleaf
mr.lee213@hotmail.com:Adylee2323
serink_facturas@hotmail.com:Locald482
data_access_wolfcloud@msn.com:TrustedTr5!Lm2
zezito.16@hotmail.com:Anatomy16!!!!
mr.djan@hotmail.com:Underground.1Underground.1$
whale0208@hotmail.com:Crank123
tarrie.powell@outlook.com:June1795
wc_premium_source@outlook.com:VaultLm7!Qx5
liyunhao.e@live.cn:Lyh112358
cvoisine@hotmail.com:Emma2015
pxpl118@hotmail.com:Pierre139139
mrinaldesan@hotmail.com:Mrinal2050!
extracted_from_wolf@outlook.com:AccessTr6!Qx5
allisonmcmorrow@live.ca:allisonX5
Master.billi@hotmail.com:Asbilli10$&
lewisstirling01@hotmail.co.uk:Woogie2001!!!
jarde83@hotmail.com:protect5123
ana_cas1982@hotmail.com:anita1982*
charlotte.b88@hotmail.fr:Poussiere88
emarcelo80@hotmail.com:101180Seattle
naldovm@hotmail.com:Ytalo2010..
wc_premium_source@outlook.com:VaultLm7!Qx5
treefarmerjim2@hotmail.com:Jimtrees
pat_giasson@hotmail.fr:Patouch1551!
data_access_wolfcloud@msn.com:TrustedTr5!Lm2
oscar.delaossa@hotmail.com:Ced1032412635
jere_redovan@hotmail.es:Cachimbas33
rodrigess202@hotmail.com:Rodrigess64256425
einstein_9412@hotmail.com:Nustun11
mianieto222@hotmail.com:Mia3224774139
ann311426@hotmail.com:Tom0913203596
sli0504@hotmail.com:Sli770504.z
maryi84@msn.com:Gallipoli1984.
david.chedane@hotmail.fr:Nikomouk10!!
wolfcloud_encoded@msn.com:Lm7$Xr9Secure
mariadelcarmen1008@hotmail.com:Nabor123
plod360@hotmail.co.uk:Ljr241206
wc_premium_source@outlook.com:VaultLm7!Qx5
mal1pol2@outlook.com:Lemire05!
sakxcv222@hotmail.com:Sa_0811509651
crist0401@hotmail.com:Gabriel1230
lynnmpotoski@hotmail.com:Jonathan34
emi_comaroff@hotmail.com:Ims0g00d!!!
joshua290102@hotmail.com:10Laroca
sydney.amsdill@outlook.com:Fireupchips100
sherrypultz@hotmail.com:Acrefair343
@Z_4VS.combo.extractor@live.com:Yq8#Tm4Protected
lossian@hotmail.com:CMpanthers!
pollo_chidolol@hotmail.com:Seresabc1
wolfcloud_encoded@msn.com:Lm7$Xr9Secure
lisa_halpin@hotmail.com:Merlin01
palomaduartepe@hotmail.com:Pld01998
data_access_wolfcloud@msn.com:TrustedTr5!Lm2
ht1tps://t.me/Z_4VS
juliettenge37@hotmail.fr:Tounette@25022617
adparker30@hotmail.com:Pdiddy30$!
murielle2000@hotmail.ch:Mileycyrus2!!
yusuf_bilir1999@hotmail.com:Yusufenes99
yeoh_joyce@hotmail.com:LKH6328z
exclusive_wolfcloud_db@live.com:VaultTm8$Yp9
dchiasson2015@outlook.com:Elise#17
ht1tps://t.me/Z_4VS
diego_vallejos96@hotmail.com:Neverpony_96
zest.forlife@live.com:Harley987
perez_mafer_92@hotmail.com:Mafer123
wolfcloud_encoded@msn.com:Lm7$Xr9Secure
mwillerson@hotmail.com:24Jan1956*
nick__taylor_@hotmail.com:Bitchtit55
addywissel@hotmail.com:Kristofer12!!!!
baby_pooh015@hotmail.com:Aa091889
robbieshaw@hotmail.co.uk:Shawrw29#
wolfcloud_encoded@msn.com:Lm7$Xr9Secure
creslenursing@hotmail.com:Moreno10)
davo_1200@hotmail.com:Decepciones12@
secure_extract_z4vs@msn.com:Tk8$Xr9Protected
gabriela_nicola@hotmail.com:Gabi0412!
danjella@hotmail.com:Gardiner123
adriellecds_@hotmail.com:Dea250511
bauticane@hotmail.com:Sudafrica2010
heltonjones84@hotmail.com:Helo297151
janaina_salgueiro@hotmail.com:Jana1987
bambian@hotmail.com:An001230!
wmraz06@hotmail.com:Peterson61!
vcardoso1962@hotmail.com:Lkdver12
wolfcloud_auth@outlook.com:Z4VS!Xp7Lm9
robbruce30@hotmail.com:Jeepjk2015$
lucianosilva.mec@hotmail.com:912512Fe.
syrixv2@hotmail.com:Mattybaykal1644!
pasquale-g@live.it:Hector1956!
a.rutland@hotmail.co.uk:Rutland90!!
1https://t.me/Z_4VS
WVALIDWQUALITY@Z_4VSwBUY
alzomorda83@hotmail.com:alnadra1
cybergoth21@hotmail.fr:Biohazard21!
1https://t.me/Z_4VS
emiliamk_93@hotmail.com:Crunchie247!
jorge_31_rdz@hotmail.com:malenys73
esam123123123z@hotmail.com:123123123Aa$$#
glauber2009_antunes@hotmail.com:507850ra
brau_tours@hotmail.com:Braucool266
foma04@hotmail.com:Docomo0912
hcotsugua@hotmail.com:karito06
jorge_siqueiros_2005@hotmail.com:yorch1981
elielson_ritter@hotmail.com:@er131421.
lrmjr@live.com:2Bon2Btit!
nicodbzgt@hotmail.com:Nicomdbzgt
z4vs_verified_access@live.com:Rq8$Yp4Secure
berisha82@hotmail.ch:Albulen00
jolandavantunen@live.nl:Gelukkig123
jesusm.mayge@hotmail.com:Mayge135
takuma200788@outlook.com:Takuma88
CLOUDSOURCEDB_WOLF@outlook.comW:@Z_4VS
restor@live.fr:Diego-2014
nathy021288@hotmail.com:Na190865**
ronaldosouz@msn.com:Rony0623
extracted_from_wolf@outlook.com:AccessTr6!Qx5
mama-vogue@hotmail.com:Babygurl01.
WVALIDWQUALITY@Z_4VSwBUY
bleach919@hotmail.com:Za155004!
abdoufekkak_75@hotmail.fr:Abdeslam75@
ellen-marie-smith@hotmail.co.uk:Christmas0902!
sks6195@outlook.kr:mong8580!!
wolfcloud_encoded@msn.com:Lm7$Xr9Secure
godsquall1211@hotmail.com:betty7631
wolfcloud_source@live.com:Yp7*Tr6Qx8
kess@live.com.mx:paupau08
daisyvecchia@hotmail.com:Dalla9929.
vicvsl@hotmail.com:$$Tjvsl9887$$$
CLOUDSOURCEDB_WOLF@outlook.comW:@Z_4VS
will-mtz@hotmail.com:Mexicoloko0408.
munstev@live.co.uk:Bonnie10
wolfcloud_privates@live.com:HiddenAccessYq6!
WVALIDWQUALITY@Z_4VSwBUY
guioliveira1985@hotmail.com:Gui824483
aurelie.asta@hotmail.fr:Animatrice11!!
rmk_73@hotmail.com:Rafamek73#
gilliancc@hotmail.co.uk:Bootsie1
d.llari@hotmail.com:Danny1329
lenetng@hotmail.com:Lene@2013
emmonsethan32@outlook.com:Chainsaw
arami_ying@hotmail.com:Yiing4808297
ldp100@hotmail.co.uk:Downing10!
sweetlee1216@hotmail.com:Beibei19801216
VALIDATEDSOURCE@Z_4VSBUY
CLOUDSOURCEDB_WOLF@outlook.comW:@Z_4VS
imelda_t@hotmail.co.uk:Nimel4life1!
gianluca.buonaiuto@outlook.com:161298Luca
nancydesi@hotmail.com:Rutinario9
gerald_ine@hotmail.com:Mancity9###
z4vs_verified_access@live.com:Rq8$Yp4Secure
laura67270@hotmail.fr:Lscoiffure120588
1https://t.me/Z_4VS
allisonwellber@hotmail.com:Karol001*
nalowasha@hotmail.com:brendon0
1https://t.me/Z_4VS
adrian_agony@hotmail.com:Steelforever91
fouzz1@hotmail.fr:Sophiamavie2013.
deborah.14@live.nl:Deborah1995!
private_Cloud_Wolf@outlook.com:Nf9$Xp7Vault
blanxu_1@hotmail.com:Bpa1234?
naianesouz@hotmail.com:301997La!!!
ponjavica@hotmail.com:Lillica.0788
felipegheiman@hotmail.com:Lipefe51$
lbrconsultoria@hotmail.com:Futebol9@
asahimidori@hotmail.com:Dori0121
z4vs_verified_access@live.com:Rq8$Yp4Secure
hebbit_82@hotmail.com:Miamigo1982!
vestahabeyan@hotmail.com:Vsdancer141610$
dirkpitt5150@hotmail.com:Dickinson5150!!!
z4vs_verified_access@live.com:Rq8$Yp4Secure
elivano051@outlook.com:Gloria45#$
racsoo@outlook.fr:Oscarlette24@
jasminerimene@hotmail.com:9jackiedad9
daniel_vasconselo@hotmail.com:D@n010501
wc_premium_source@outlook.com:VaultLm7!Qx5
natii_diinech@hotmail.com:Thomas1303
danlanda@msn.com:Maddison05-!!
adna_silva12@hotmail.com:Brasil33213225**@
@Z_4VS.combo.extractor@live.com:Yq8#Tm4Protected
wolfcloud_auth@outlook.com:Z4VS!Xp7Lm9
saadiiyaa@hotmail.co.uk:Ismail2011@
ali-almadkali@hotmail.com:A10S20as@
gus_negui10@hotmail.com:Perrorodiano13!!
CLOUDSOURCEDB_WOLF@outlook.comW:@Z_4VS
@Z_4VS.combo.extractor@live.com:Yq8#Tm4Protected
daisyboocurry@outlook.com:BezPassword1
l.eak0fxullugrup@hotil.it:get7daysgrup2025e
heber_ga@hotmail.com:Heber0406
papanitaaa@hotmail.com:Panita01?!
qkek0810@outlook.kr:quspwl28425279..
jschober14@outlook.com:Akiramex1
matiasmirko@hotmail.com:Lalakers1
tra-hart@hotmail.com:Sophieellie1!!
guillaume.besseux@hotmail.fr:Gameiro68!
cliente_1990@hotmail.com:Telcel53
enrico.fossa@live.com:Federica1@
z4vs_verified_access@live.com:Rq8$Yp4Secure
wolfcloud_encoded@msn.com:Lm7$Xr9Secure
miky_omt@hotmail.com:Teixeira87
ju_santo36@hotmail.com:Jujuba_06@
extracted_from_wolf@outlook.com:AccessTr6!Qx5
lenpark@hotmail.co.uk:Talbot75
danilovargens@hotmail.com:Ferreira@35@@
https://t.me/Z_4VS
shaimaaafify@outlook.com:Tryme2getme
secure_extract_z4vs@msn.com:Tk8$Xr9Protected
fayesuave@hotmail.com:Gothic007!
sandman633@hotmail.com:stew1911
alhddd@msn.com:Godboy12!
frankekko95@hotmail.it:Stefraale5!
maerylouscholten@hotmail.nl:Nijverdal25!!
tefa_maravilhosa@hotmail.com:St7phani7
CLOUDSOURCEDB_WOLF@outlook.comW:@Z_4VS
olivier.05100@hotmail.fr:Moniteur1998.
wolfcloud_encoded@msn.com:Lm7$Xr9Secure
nuro0606@hotmail.com:Nuro90000
tishaszy@outlook.com:Alex2311!!
fabifendrich@hotmail.com:Mexico2013
brocanello85@hotmail.com:-massacre-100
asd1234809_ming@hotmail.com:Fv2cv2ra
baruch.ceron@hotmail.com:1916Caca..
jakdar@hotmail.de:Babojako92!
ismaferro@hotmail.com:Nerea0902
rodneymarques@hotmail.com:Rodney*954582**!
vicentejp_17@hotmail.com:Tigres12
mrlord@hotmail.it:Musicista@1972
v4l62730@hotmail.fr:Y2b92wne!
takayuki.0212@outlook.jp:Taka0212
jamesgreen6627@outlook.com:Portishead6!!
careydelaney@hotmail.com:Larsson07!!!!
giulios95@hotmail.it:Cirionflex95!
jplacombe8@msn.com:JPL83inc
@Z_4VS.combo.extractor@live.com:Yq8#Tm4Protected
lscwellington@hotmail.com:nw108qrw@
umumum@hotmail.co.uk:Hotwheels98
olivier.deslau@hotmail.com:Joursaint1!
ebra_111@hotmail.com:Ib2318058.
paulineboceno@live.fr:Cloealiet56..!!
wolfcloud_encoded@msn.com:Lm7$Xr9Secure
private_Cloud_Wolf@outlook.com:Nf9$Xp7Vault
private_Cloud_Wolf@outlook.com:Nf9$Xp7Vault
bathbothah1@hotmail.com:Bb7519833
raiane_escola@hotmail.com:Deus1989@
wc_secure_login@msn.com:Lm9$Xr5Vault
atsuwak@hotmail.co.jp:Atsu1838
@Z_4VS.combo.extractor@live.com:Yq8#Tm4Protected
sebaoyar@hotmail.com:Se00315ta
thornsmom@hotmail.com:Samjay8277!
marzo14@live.it:Yamaha97
jefersonmdi123@hotmail.com:Saopaulo1
msp-freak@hotmail.com:Shahin2809
wc_premium_source@outlook.com:VaultLm7!Qx5
julio_fiuza@hotmail.com:Jc261092
Viktorb@hotmail.co.uk:Kakastar123
CLOUDSOURCEDB_WOLF@outlook.comW:@Z_4VS
ateslenko@hotmail.com:Cali1217!
daracos@hotmail.com:R3hcaet1981!!
juansebastiancarlospreteltpretelt@hotmail.com:Luzpazdicha1+
senacetinkaya0@outlook.com:Artvin08
amarant.adoree@hotmail.nl:Amarant0205
sueowen1975@hotmail.co.uk:Ellie2003!!!
exclusive_wolfcloud_db@live.com:VaultTm8$Yp9
a.cottenceau@hotmail.com:Bettyboopcot49@
edwin-9500@hotmail.com:Iffen_1995
jasminehollick@live.co.uk:Georgia2002!!!
firebull22@hotmail.com:Asd35551237
jessica-marquis@hotmail.fr:Panore16@!
daniloluis_@hotmail.com:Arcanjo1987
juzizoe@hotmail.com:Tze970421!
calixtrog@hotmail.com:verano123
dnarib@live.com:Donovan1992
pchcr@outlook.com:Peaches#1000
valdeiroliveira19@hotmail.com:Valdeir12
jaqui024@hotmail.com:David2001
angelica-barroso@hotmail.com:Scot227foot138@#
shadiaslade@hotmail.com:Jjjmommy3!!!!
den_jam@hotmail.co.uk:Masterj919
zshah744@hotmail.com:muhammed11
anacibellebb@hotmail.com:136870Mb#
Vector620@outlook.kr:Golf@85330
cesarforestokarate@hotmail.com:Cesar@12345
@Z_4VS.combo.extractor@live.com:Yq8#Tm4Protected
vasan_92@hotmail.com:Danieljames28!
https://t.me/Z_4VS
didipxb@hotmail.com:Diogo2011!
werick.rodrigues@hotmail.com:cdcfusca18
hockey_allstar123@hotmail.com:igiveup78
tonystrawson@hotmail.com:Howardsway
al5.al5@hotmail.com:Al1.al123
mberveiller@hotmail.com:Lubbock1!!!
guscya@hotmail.com:Mascot2020
joananeves@hotmail.com.br:Jo92626494@
wolfcloud_auth@outlook.com:Z4VS!Xp7Lm9
mantidelisa@hotmail.it:Elisacordioli1982
supercaro78@hotmail.com:Cadicoto11
extracted.by.z4vs@msn.com:VaultXr6*Lp2
camille_db@hotmail.fr:Zuzounette1*
jens-egon@hotmail.com:Asus1234
dianahas80@hotmail.com:J1011206052
i_love_family_2000@hotmail.com:Charinee392278332*
breck30@outlook.com:Bank2cmp!
riley_mandy@hotmail.com:Megan1amber2
VALIDATEDSOURCE@Z_4VSBUY
beot01@hotmail.it:Portiere1@@@
siriyatorn_yok@hotmail.com:Theyok3131#
celine.ravaux@hotmail.fr:Panpan10
michelle_nina2020@hotmail.com:dm@070915
edgr@hotmail.fr:Chicco136***
ht1tps://t.me/Z_4VS
douglas.geraldi@hotmail.com:41431511d
jeronpapazian@hotmail.com:Kerope1991
dragosretegan@hotmail.com:Andre!88!
andrea.lopez.garcia1804@hotmail.com:Barcelona1804
mfsfaith13@hotmail.com:Rocket2012!
maryam_maryam_500@msn.com:Fatima0154@
xavierzhanaya@hotmail.com:sayaman20
cahora.osea@hotmail.com:Nora2000
dylande1998@hotmail.fr:Caramel19981998!!!
verijoen@hotmail.com:Martorell
jemmylim@hotmail.com:Jlim2120
ferfoogel@hotmail.com:Sant0904
wolfcloud_auth@outlook.com:Z4VS!Xp7Lm9
WVALIDWQUALITY@Z_4VSwBUY
daniel-kluck@hotmail.de:Eierzwerg67
alessia9817@hotmail.it:Alessia98*
wolfcloud_source@live.com:Yp7*Tr6Qx8
chanunnuch@hotmail.com:Kongpian5919
marie_lea100@outlook.com:Chesterville01!
chaima_45000@hotmail.fr:Nokia-45100
gsgimenes@hotmail.com:Hannah123.
data_access_wolfcloud@msn.com:TrustedTr5!Lm2
caro_fel@hotmail.com:Joniteamo1
leticia.nascimento2007@hotmail.com:Leh497191!
lolete81@hotmail.com:Escudo1981@
ultramania43@hotmail.com:Yoonth80!!
icarlos1998@live.com:Rockstar19
VALIDATEDSOURCE@Z_4VSBUY
rubenbringel10@hotmail.com:Serpiente_77
skip221@hotmail.com:Winter01
anderson.102030@hotmail.com:Mlk4647@@@
secure_extract_z4vs@msn.com:Tk8$Xr9Protected
nshaiene@hotmail.com:Kauavc12@
semiramisnogueira@hotmail.com:Aninhas2!!
r.s.slingerland@hotmail.com:Xrachelles12!!!
wolfcloud_encoded@msn.com:Lm7$Xr9Secure
l.apelian@hotmail.fr:Martel.84260!
pandybear02@hotmail.com:Nonunugget88!!
VALIDATEDSOURCE@Z_4VSBUY
aiomet@hotmail.com:Ingegner2@
guilherme.malavazzi@hotmail.com:Gui020699
jessica.orc@hotmail.com:Jorc1991!
nicksammut118@msn.com:Morales12
louisetaylor86@hotmail.com:1986Dadsbest!
extracted_from_wolf@outlook.com:AccessTr6!Qx5
richard_piza94@hotmail.com:Mama1994#
nourddin.soussi@hotmail.com:Saka1976bali!!!
bia_freitas31@hotmail.com:Biafreitas31!
a22180123@hotmail.com:Aa88508850
extracted_from_wolf@outlook.com:AccessTr6!Qx5
diahom@hotmail.com:Marcelggg
jaydenbeloti@hotmail.com:Miami508
priyamiles@hotmail.com:Pmiles74!!!
sophiamendez553@outlook.com:Codigo50!
mariagflores91@outlook.com:Avie2014
ich_wil_blut@hotmail.com:Titanomachy
l_eaKfr-om@hotil.it:|e
hkwaisin@hotmail.com:Kota092010@
data_access_wolfcloud@msn.com:TrustedTr5!Lm2
rogerio.barros@hotmail.com.br:Roger1973.
slagerlund@hotmail.com:Unagon92!1
samah@live.co.uk:B.B.king8327!
juniorferney113@hotmail.com:Ferney113
rachelletianle@hotmail.com:Green842653$
matheus.3298@hotmail.com:Pedro2008@#
data_access_wolfcloud@msn.com:TrustedTr5!Lm2
jessica2422@hotmail.com:K5qygrlp@
wolfcloud_encoded@msn.com:Lm7$Xr9Secure
sgwood60@hotmail.com:Juscamb60
kdi20100424@outlook.kr:th132413!!
mlotz28@outlook.com:Motomoto11!!
hutchings_brandon@hotmail.com:Alabama16
serap_96_96@hotmail.com:Serap9696
yare_142@hotmail.com:Ferya142
joanne0503@hotmail.com:chili7j!
herrro@live.se:Tigern92!!
fay.tb5@hotmail.com:Fay30120314$$
@Z_4VS.combo.extractor@live.com:Yq8#Tm4Protected
sylvaniemonteiro@hotmail.com:Coucou33!
amineronaldo19@hotmail.fr:Police17
ayse_altntop@hotmail.com:Eymen2009
sangabriel1023@hotmail.com:Leolu1023
danny_worsnop616@hotmail.com:Ninorata34#
bhavin742@hotmail.co.uk:Badboys742
Mi.mennabarreto@hotmail.com:Pqnami79*
dllmor@hotmail.com:Mich2lola!
marc7_2004@hotmail.com:Solamente
andrew.1230@hotmail.com:F1shermen$$$$
silvamari@hotmail.es:230915Daniela!!!
ruben_wiki@hotmail.com:Wikipedia
wolfcloud_source@live.com:Yp7*Tr6Qx8
wolfcloud_source@live.com:Yp7*Tr6Qx8
prathik2610@hotmail.com:Karthik@1990
WVALIDWQUALITY@Z_4VSwBUY
fersalomao@hotmail.com:Girafa2208
nico_riocuarto15@hotmail.com:Nicolas88
yokke02aaa@hotmail.com:Mick3993
cinziamancuso@live.it:Checco08@
prestonsumrall@hotmail.com:Pacman75
katieblatcher@hotmail.com:5718522Kt!
batukal75@hotmail.com:Gotudubal123.
carlos_piercing@hotmail.com:Ali16052010
u_sa_gi_0708@msn.com:a0982901597
entrejuampi@hotmail.com:Violista
davide-1997-@hotmail.it:Monterosso
shakira_mola@hotmail.com:Barbie22
angelam.dalessio@live.com:AntoeAngy0610!
best_one_ishino@hotmail.co.jp:1nichido
katiakostis@hotmail.com:Blue1985!!!
deanandjit@outlook.com:BMQRjmq8!!
veronicavieraleon@hotmail.com:Elena2002
fadokol@hotmail.com:YdXT6800!!
hassan-98@hotmail.se:hassan1998H123
mvel86@hotmail.com:msD312ncc!
amandaglemos@live.com:Lunapaluza1
charles.oneill@hotmail.com:Nohemior76!!!
apatone@hotmail.com:Holigram1!
mickw202@hotmail.com:Martyn89!
madsgraves@msn.com:Graves1988
panylin@hotmail.com:Pany103185
dmt.junior@hotmail.com.br:casa303386
private_Cloud_Wolf@outlook.com:Nf9$Xp7Vault
garylowe316@hotmail.co.uk:Amy2006!!
secure_extract_z4vs@msn.com:Tk8$Xr9Protected
@Z_4VS.combo.extractor@live.com:Yq8#Tm4Protected
jora-arm@hotmail.com:Jora1993
dorotheewendling@outlook.fr:dorothee64
jojo-boy1@live.co.uk:gangsters01
charb5032@hotmail.com:Bobcats50
leannebarnes@live.co.uk:Munro1903!
wc_premium_source@outlook.com:VaultLm7!Qx5
extracted_from_wolf@outlook.com:AccessTr6!Qx5
extracted.by.z4vs@msn.com:VaultXr6*Lp2
mehdi.thioune38@outlook.com:290604Mt!!
reinaesther28@hotmail.com:Kuky0609
pablo_j-garcia@hotmail.com:Loco1123
javierdelgadoh@hotmail.es:Javierdan033
dejan.1a@hotmail.com:Dejan12345
percy0791@hotmail.com:Lianne0791!!
powgsakron@hotmail.com:Thong2543
crisliane_kramer@hotmail.com:Cris084287
ftm_slmz@hotmail.com:Fatma1980
@Z_4VS.combo.extractor@live.com:Yq8#Tm4Protected
mom_aae@hotmail.com:06091973Jo@
mciftdemir@hotmail.com:Muh510400
ecchristensen@hotmail.com:Keepitsimple1!
data_access_wolfcloud@msn.com:TrustedTr5!Lm2
axeldylan59270@hotmail.fr:Typus59232
wc_premium_source@outlook.com:VaultLm7!Qx5
panny000135@hotmail.com:Pb352109
data_access_wolfcloud@msn.com:TrustedTr5!Lm2
she_kag@hotmail.com:Aa3519641
tonyboat@msn.com:78transam1
jerkku92@hotmail.com:jer33-jer35
wolfcloud_auth@outlook.com:Z4VS!Xp7Lm9
vik.m@live.it:Vittoria1995!
r.s.live@outlook.com:Musicmotive1***
Nick.jacka1@hotmail.com:Hotdog79891!
wc_secure_login@msn.com:Lm9$Xr5Vault
rrojaspavez@hotmail.com:Katalina121.@
lucagrillo75@hotmail.it:ferrovia1975
josiebisek@hotmail.com:Sunrise1
m.angeles_25@hotmail.com:Msc252528
nadine-24@hotmail.fr:Nadine24.
z4vs_verified_access@live.com:Rq8$Yp4Secure
jose-willamys12@live.com:Brasil05112001
glitter628@hotmail.com:3ggixadL
ruben-ciclo@hotmail.es:Samanta96
gabygata_elis@hotmail.com:Gaby2012
lorrilynn28@hotmail.com:Angelsec12$$
jordigarciaramon@hotmail.es:Diciembre1982!
cenk-ismet@hotmail.de:Pr0pk3r123
o-sen@outlook.com:Besiktas..1903
rosirenerocha28@hotmail.com:Rbj@2018
margaux.benoist@hotmail.fr:Dszzhpkif6agio
satnamsingh786@live.co.uk:Virk1983
ange.1975@hotmail.com:Sanjuan82
hellpotter@live.com:Nathy11*
yichi_8@hotmail.com:Angel0305
r.peretti@outlook.it:Hellas1903!!
serkancercel@hotmail.com:Duvar1982
treppond342@outlook.com:June62000!
exclusive_wolfcloud_db@live.com:VaultTm8$Yp9
teigharry@live.co.uk:Dranka666
patoune6811@hotmail.com:France3506!
CLOUDSOURCEDB_WOLF@outlook.comW:@Z_4VS
oksana.deketel@hotmail.fr:08012014Roch
sergiocorral.92@hotmail.com:Dexter92
tammy_harries113@outlook.com:Brooketia
ale_pegasus_87@hotmail.it:Fiamma87!!
ukachi2000@hotmail.com:Ukachi1126$
mariannealderson@hotmail.com:November1981!
madison.williams2345@hotmail.com:Arya2021!?!!
lsacc12@msn.com:Camryn12!!
simon6479@hotmail.com:Zcw44tca
vamosrafa25@hotmail.fr:Blingbling25!!
wolfcloud_auth@outlook.com:Z4VS!Xp7Lm9
wolfcloud_privates@live.com:HiddenAccessYq6!
siggicv8@hotmail.com:Rooney89!!
alison_lowson@hotmail.com:Sophie13
data_access_wolfcloud@msn.com:TrustedTr5!Lm2
wolfcloud_source@live.com:Yp7*Tr6Qx8
wolfcloud_source@live.com:Yp7*Tr6Qx8
ray.rezaei@hotmail.com:shomalee-1341
Pierresprotect@outlook.com:Adamselma1.23
richardbrooks50@hotmail.com:Catriona97
dbro1@hotmail.com:Brasilian1970
sammierivera322@hotmail.com:Sr27151826!!
ABELLANNA13@HOTMAIL.COM:Agosto21..
mert_can_bahar@hotmail.com:Telefon123
glsimone@outlook.fr:Cathy1964.
ebony_chelsea12@hotmail.com:Pjbear4370!
@Z_4VS.combo.extractor@live.com:Yq8#Tm4Protected
https://t.me/Z_4VS
brydie.1998@hotmail.com:Wonthaggi12!
ifrit_wlh@hotmail.com:Wlh821217!!
haluptzok@live.com:Pat1Pat2!!
wolfcloud_auth@outlook.com:Z4VS!Xp7Lm9
oscpastor@hotmail.es:Oscp4891
erikaderas82@outlook.com:Esmeralda82!
sxysam1990@hotmail.com:Foster1990
luc.degruttola@live.fr:Orne151206@@
victorfabara@hotmail.com:Kalaz2805
monicaor-20_92@hotmail.com:Amysophia1**
CLOUDSOURCEDB_WOLF@outlook.comW:@Z_4VS
gbrandini@hotmail.it:Filippo2
monicaequipe12@hotmail.com:Monika14
ilkaykanmaz@hotmail.com:Izaak21211!
hope-wynne@hotmail.co.uk:Overlord!123
ht1tps://t.me/Z_4VS
niikoauba17@outlook.com:Nikouctapia1515..
alessio13.99@live.it:Vittoria2008
wolfcloud_encoded@msn.com:Lm7$Xr9Secure
vanilleanto@hotmail.it:Chiaranunzio75
lil_woggus@hotmail.com:Me8agqjx!!
eduarmoises@hotmail.com:Romero03
amazaly@hotmail.com:Am140963
z4vs_verified_access@live.com:Rq8$Yp4Secure
brisoux.stephane@live.fr:Stephane0404@
luiscantha@hotmail.com:Gabriela4!
shoppinggirl59@hotmail.com:Bridgette59!!
reginaldolimafaria@hotmail.com:Bianca1245
lunajenna@hotmail.com:606993334j
exclusive_wolfcloud_db@live.com:VaultTm8$Yp9
timpf@live.ca:Timothey15
ikuchan824@hotmail.co.jp:Chocolate173!!
rashida_p@hotmail.co.uk:Rashida123?
jiamingchen88@hotmail.com:Jiamingchen123
robert_londberg@hotmail.com:MarkeT55!
elcafe73@hotmail.com:Ocsarrac4
vickya1284@hotmail.com:Laurianne18$
wolfcloud_encoded@msn.com:Lm7$Xr9Secure
marcov5@live.com:123qaz...
chris1988_1@msn.com:Akira572497
naduriv@hotmail.com:04032004Cgd
jroulston53@hotmail.com:Bigdaddy69!!
gracecroft1543@hotmail.com:Kardashians1!
gabryc56@hotmail.com:Interstellar14@
@Z_4VS.combo.extractor@live.com:Yq8#Tm4Protected
wolfcloud_privates@live.com:HiddenAccessYq6!
gilbertojrs@outlook.com:Aline030381
tim880918@hotmail.com:Tim0912084444
alex-ogcnice@hotmail.fr:Labriguadesud95!!
amandine.33290@hotmail.fr:Zebre13061959@@
ange13761@msn.com:MEUNIER83220.
sanchotribux@hotmail.com:H50xamai200%
z4vs_verified_access@live.com:Rq8$Yp4Secure
matias.2903@live.cl:Matias0951@
fazonnetje@hotmail.com:@Hans1951
wc_premium_source@outlook.com:VaultLm7!Qx5
Angelino1983@live.nl:Shanaya2005
wolfcloud_privates@live.com:HiddenAccessYq6!
lovronaglic@hotmail.com:Opalala1!
armando270996@live.com.pt:Putamerda2
mahvash94@hotmail.com:Apple1994!!
y_e_t_n@hotmail.com:yuly1984
geoffraylecomte@hotmail.fr:Geoffray69!
cristo_josue_@hotmail.com:Alex020617
streberc607@hotmail.com:S73189ss!!
andrewhoward150@hotmail.com:Rowing12!
gervasiobraz@hotmail.com:Jeania1767
lau2576@hotmail.com:Popliteo25
melg4761@hotmail.com:Mattie15!
davidlee0543@hotmail.com:qhdks12!@
gavillion@hotmail.com:Hsiwthgin12!!
buzaglo@hotmail.com:Kandev2210@@
lidia.lopez.tejero@hotmail.com:Tejero15
clint2116@outlook.com:Elibrodie2116
1https://t.me/Z_4VS
https://t.me/Z_4VS
vuelos@live.fr:bescheid1A
junaid_cm@hotmail.com:Pokerface12@
nikuzero@hotmail.com:Bauer16!!
sebrlb@hotmail.fr:Intouchable1986
joseluizgalesi@hotmail.com:Jlg296781
criscrespo@hotmail.es:Entrada1
dracula.gammalstrom@hotmail.se:Deathnotel7
jamieleeshirran@hotmail.com:Goodfellas1!
fuiling_ng@hotmail.com:Ng712300
wendell0408@hotmail.com:Piruca2002@
cindy-1994.hidalgo_@hotmail.com:sasunaru2428
h_dando@hotmail.com:jellybean2
tayc11@hotmail.co.uk:Lisalewis11!
fengxp0209@hotmail.com:Fxp050209
simonsjessica@outlook.com:Je1996ssi.
gulhavin_@hotmail.com:3812339yS
kasper_faisal_2@hotmail.com:46254625Ff@@
quela53@hotmail.com:Travieso1
yutjkh12@hotmail.com:QPwo13579
s.felipe@live.fr:Isaura1619
WVALIDWQUALITY@Z_4VSwBUY
secure_extract_z4vs@msn.com:Tk8$Xr9Protected
hamish.cairns85@outlook.com:Walker85!
katty_cilayne@hotmail.com:katty031187
wolfcloud_source@live.com:Yp7*Tr6Qx8
rensve13@hotmail.com:Drumstel2.
fabils17@hotmail.com:Fabi1705
WVALIDWQUALITY@Z_4VSwBUY
ismetacar_2205@hotmail.com:2205965acar
secure_extract_z4vs@msn.com:Tk8$Xr9Protected
WVALIDWQUALITY@Z_4VSwBUY
thanos_theo@hotmail.gr:Thanostheo92!!
stefanocastaldi@hotmail.it:Stef2007.
private_Cloud_Wolf@outlook.com:Nf9$Xp7Vault
albuquerquecdj@live.com:CDJ91685647#
ht1tps://t.me/Z_4VS
patryckl@hotmail.com:pcml3247
sieteandre@hotmail.com:@topillo321
exclusive_wolfcloud_db@live.com:VaultTm8$Yp9
apittington@msn.com:Andrew22
https://t.me/Z_4VS
dudley00711@live.com:Rina380218
je_yoo@hotmail.com:Jung89eun!!
noodler@hotmail.co.uk:Lee09091986#
private_Cloud_Wolf@outlook.com:Nf9$Xp7Vault
lolaleroux@live.fr:Lolita070998!
meek64@msn.com:Savannah1
borwonchai@outlook.co.th:Taplove2530
VALIDATEDSOURCE@Z_4VSBUY
jmkane@hotmail.co.uk:Patrick11!
gega98@hotmail.com:Fortachon123!
private_Cloud_Wolf@outlook.com:Nf9$Xp7Vault
justincurtlin@hotmail.com:Lilybeth08**
leeja22@hotmail.com:2226cookie
wolfcloud_auth@outlook.com:Z4VS!Xp7Lm9
l.noel@live.fr:Masiglia93@
sambentz@hotmail.fr:Sa10121997
private_Cloud_Wolf@outlook.com:Nf9$Xp7Vault
nunziostella79@live.it:a79?ki!B
rutteman@msn.com:Lowtuner01!
ob_comp@outlook.com:athlon1111
wc_premium_source@outlook.com:VaultLm7!Qx5
luciano256256@hotmail.com:Luci2589@
drumond.rafaella@hotmail.com:Rafa2011.
Tubacjim@msn.com:Dennis17@@
audchevallier@hotmail.fr:Maaleel3
breniersebastien77@hotmail.fr:Lily161009
camu92@hotmail.com:Argentina4
evautrin@hotmail.fr:Jerome88
iztyoen@hotmail.com:Diosmio123
wolfcloud_encoded@msn.com:Lm7$Xr9Secure
igor.moraes2015@outlook.com:Lander2015
brumdavidson@hotmail.com:astonvilla1
rachel.michelle2001@hotmail.com:Netball01!
macsweething@hotmail.com:America22
WVALIDWQUALITY@Z_4VSwBUY
wolfcloud_source@live.com:Yp7*Tr6Qx8
thaila.bulsing09@hotmail.com:tac101230
twinsjohn147@hotmail.com:John2lan!
terynprice87@hotmail.com:Jayleigh1996!!
kmdbsbl@outlook.com:Snoopy08!
melanie_ter_avest@hotmail.com:Melleke30098900
tony624@hotmail.it:R8dskull7@
CLOUDSOURCEDB_WOLF@outlook.comW:@Z_4VS
danwarders@hotmail.com:Concerto@1
giovannifr12@live.nl:Driewieler18!!
gallagher2491@outlook.com:Sarahalice09
rugbygirl78@hotmail.com:Alex23061989!
marianeartejardim@hotmail.com:Enzo1967
sean.kandalis@hotmail.com:81Finch$$
deb_pruitt@hotmail.com:chickadee3
arlancarlos19@hotmail.com:Rainhaverde123@
vinicius.lican@hotmail.com:Lycaon21.
maiara.prado@hotmail.com:Kakashi110392!
tohdaif@hotmail.com:Montreal2021!!
chuky__gonalez753@hotmail.com:Gabriel753$
saheel.akhtar@hotmail.co.uk:Snooker786!
jmanusenger@hotmail.com:Argentina281105_
umut_____bedir@outlook.com:Elif2350****
extracted_from_wolf@outlook.com:AccessTr6!Qx5
wc_premium_source@outlook.com:VaultLm7!Qx5
wolfcloud_auth@outlook.com:Z4VS!Xp7Lm9
joanne_gruber1@hotmail.com:Sillyjilly1$
wc_secure_login@msn.com:Lm9$Xr5Vault
michelleecossons@hotmail.co.uk:Elizabeth26!!
chrispheasant63@hotmail.com:Pheznt13
despierreaurelie@live.fr:Loveloute80.
luchery@hotmail.com:Medarline36!
CLOUDSOURCEDB_WOLF@outlook.comW:@Z_4VS
erik_oliva90@hotmail.com:Moopee5517!
damy21@hotmail.it:Ciccionamente53
wolfcloud_auth@outlook.com:Z4VS!Xp7Lm9
private_Cloud_Wolf@outlook.com:Nf9$Xp7Vault
dustin.jackson49@hotmail.com:Dustbucket49!
ligiamarley20@hotmail.com:LM123654
elkins78@msn.com:Fourgirls4
carrilloluis1990@hotmail.com:serenity07
dc2991@outlook.com:Infinity1$
teddyhalstead2@msn.com:Bearhug9875
yanzi80@hotmail.com:Nancy19800613
angyenfermera@hotmail.com:Seybel1974
marcelokns@hotmail.com:Ma616116
zuryblan04@hotmail.com:231090Zz@
brianb93@hotmail.fr:Vertetor54
zubinfm@hotmail.com:Afreen02!
pubbar_hayha@hotmail.com:Sumpeng*4917
cutsie29@hotmail.com:Letmein29!
alberbea@hotmail.es:Ali01ale04
barbara-beatriz30@hotmail.com:Beatriz123
private_Cloud_Wolf@outlook.com:Nf9$Xp7Vault
gentedelangelgris@hotmail.com:Lacrimosa
lionel_tcl26@hotmail.com:Ballack13@@@
lestyjk@outlook.kr:Kay500412
jdsdonizeti@hotmail.com:gigi2323
adamtehifa@hotmail.it:abdellatif30
rafaela_msartori2015@outlook.com:12121999Rafa
mark.maria01@hotmail.fr:Flore010191!
joanaemanuellyfranco@hotmail.com:Manu2406@
fatiha.azf@hotmail.fr:Aouicha60
maximurua_81@hotmail.com:Candeybau03
Dominiknow@hotmail.com:chochamu23
chong19941010@hotmail.com:Wq03629894
analicia_al@hotmail.com:Ana060314l
oswaldo_00007@hotmail.com:patricia1982
marcelle.maias@hotmail.com:Mar24318@
sert_enes92@hotmail.com:Rchhe21cha...!
washington.xbox360@live.com:Duda2812!
liliabousseliou@hotmail.fr:Lisoal77???????
irene.agullo@hotmail.com:Etu!1972!
andres.millan@hotmail.es:Bmj2pi314159,.
abuelo1939@hotmail.com:Walhalla1993*
munizsts@hotmail.com:Muniz180509
ggq0209@hotmail.com:Hcnkq060225!
mikomami@hotmail.com:Clai1065!!!!
ht1tps://t.me/Z_4VS
tj37042@hotmail.com:Freedom3220$
kissmark1080@hotmail.com:masaya540
wy5234@hotmail.com:Yulei79619@
cacko.49@hotmail.fr:Tatouage49
celchavey@hotmail.fr:cel011070.
wc_premium_source@outlook.com:VaultLm7!Qx5
oum-2541@hotmail.com:Auntra1998!
nancyh35@hotmail.fr:Philippe318
extracted.by.z4vs@msn.com:VaultXr6*Lp2
cybellicordeiro@outlook.com:Saopaulo224#
@Z_4VS.combo.extractor@live.com:Yq8#Tm4Protected
sonch@msn.com:Tyleradam1
exclusive_wolfcloud_db@live.com:VaultTm8$Yp9
aminava970@hotmail.com:M12406322.
wolfcloud_privates@live.com:HiddenAccessYq6!
wolfcloud_encoded@msn.com:Lm7$Xr9Secure
wendysaritha@hotmail.com:Spetter01@
michellewilli@msn.com:Lipstick12$
grepc_13@hotmail.com:Gregol13
saeconsulting@hotmail.it:Valeria11
hediadams_7@hotmail.com:Stella2015!!
ricardokadum@hotmail.com:Cmte1383#
niny.borges@hotmail.com:Nathan11
bangnan8@hotmail.com:Account#1
marcelo14gomes@hotmail.com:13091993Mg
maycon_tor@hotmail.com:Cel260307$$
carlaxavier@live.ca:Ajxlhx11!
ryandow@live.ca:Pass1240!
alissonmangueira@hotmail.com:Apm140150
sanoman91@outlook.com:Nightfox91
pipilastra@hotmail.com:Porotopepito12!
diala.abed75@hotmail.com:Azerty44!
al.dave@hotmail.co.uk:Jessie13
wolfcloud_privates@live.com:HiddenAccessYq6!
z4vs_verified_access@live.com:Rq8$Yp4Secure
nmanison@msn.com:1attorney
CLOUDSOURCEDB_WOLF@outlook.comW:@Z_4VS
whispers_rafa@hotmail.com:Hero201261@
crazywhy@hotmail.com:Vw071009**
CLOUDSOURCEDB_WOLF@outlook.comW:@Z_4VS
dmarkuc@hotmail.com:Mathisfun123$
jaqai.incle@hotmail.com:Foxyoftime1!@
peter.tuemmler@hotmail.de:Garten19!!
dianajensen75@hotmail.com:Anaid1170
okwegwali6@outlook.com:Pastor13
tenacity1@live.com:flopper1
JP1998_cs@hotmail.com:Jhon2885@
simonpierrej@hotmail.com:Spierre78
sweet21ah@outlook.com:Love12ah!!
travenwu@hotmail.com:traven450
wolfcloud_auth@outlook.com:Z4VS!Xp7Lm9
cherierose@msn.com:Stvincentdepaul2!
mariaeduarda.pellarin@outlook.com:Mariae2001
nanda09092001@outlook.com:Agung09092001
rossmenzies@hotmail.com:smith0402
carranza.69@live.com:paulina123
firas11@hotmail.co.uk:Jerash@76!
@Z_4VS.combo.extractor@live.com:Yq8#Tm4Protected
vivimora2008@hotmail.com:Victor2012
estellexd@hotmail.it:Ghilaine.99!
jeremydbishop@hotmail.com:Wrangler91
jxsfer@hotmail.com:Jesusf00241704344
valencia_marisol@hotmail.com:Papajon23
ht1tps://t.me/Z_4VS
jennifer0820@live.com:j19670215
dilpreet94@hotmail.com:Soccergold10!
dayane.simoes@live.com:z6m6b3l1@
pichusfeliz@hotmail.com:Camilarenato1
carole.hck@hotmail.com:Belgique1060
sasasamilion@hotmail.com:samidesamis1
lopezflores_aic@hotmail.com:Lovecraft666
matisse2006@hotmail.com:Myla852456*
danielspot@hotmail.com:Luismoita98@@
wolfcloud_source@live.com:Yp7*Tr6Qx8
VALIDATEDSOURCE@Z_4VSBUY
https://t.me/Z_4VS
inammalik005@hotmail.com:Malikinam005$
dan_garbett@hotmail.com:Bertie74#
CLOUDSOURCEDB_WOLF@outlook.comW:@Z_4VS
willmore_bianca@hotmail.com:TableMountain1!
angele_27@live.fr:Stargate1
Camelia.boumesla@outlook.fr:Speedtouch31@
l3aked0fxul.u@hotil.it:val1dcl0ydummp@@a
ob1est@hotmail.com:Tanawat123@!
bernardo0893@hotmail.com:Bgnc0893$
puppypaws.99@hotmail.com:Bambina1
carlissaz@hotmail.com:Rashelle1!
@Z_4VS.combo.extractor@live.com:Yq8#Tm4Protected
WVALIDWQUALITY@Z_4VSwBUY
pim.essers@hotmail.com:Rodakerkrade1!
ludo.031182@hotmail.fr:Renault2
sfarhan@hotmail.ca:Syed6487@@
jheni_lana@hotmail.com:Jhennilinda123
sirawitchansonthi@hotmail.com:Jaylucky1@
wolfcloud_source@live.com:Yp7*Tr6Qx8
@Z_4VS.combo.extractor@live.com:Yq8#Tm4Protected
luisja273@hotmail.com:Luja2731!!
ht1tps://t.me/Z_4VS
totalchaosskater@hotmail.com:Skater300!
ingcarlos80@hotmail.com:Aa96021482$#
Twincharger@hotmail.com:Celica74$
tiraliloco@hotmail.com:Anarkia06
extracted_from_wolf@outlook.com:AccessTr6!Qx5
extracted_from_wolf@outlook.com:AccessTr6!Qx5
extracted_from_wolf@outlook.com:AccessTr6!Qx5
alicewood@hotmail.it:hermano8
WVALIDWQUALITY@Z_4VSwBUY
dennis_2601@hotmail.com:Den30183018
private_Cloud_Wolf@outlook.com:Nf9$Xp7Vault
private3x@hotmail.com:Private380
anagbueno@hotmail.com:Solcito8
vincenzodp52@hotmail.it:Wasp52live
gossaltura@hotmail.com:Cachorro12
softballfreak301@hotmail.com:Spanks27!
ht1tps://t.me/Z_4VS
belenlagopita@hotmail.com:Lapi6470
ella-jai@hotmail.co.uk:Annaweezee123@
brenda_aparecida.silva@hotmail.com:Brendinha01
horvatjasmine@hotmail.com:Patty301
candice_visser@hotmail.com:Avairene1
martinog@hotmail.it:Milan4ever.
huey.min1999@outlook.com:Mingmin1999!
marybotelho12@live.com:Ma1311831519#
ht1tps://t.me/Z_4VS
wolfcloud_encoded@msn.com:Lm7$Xr9Secure
sebas_tuti21@hotmail.com:Sebas201107@@@
donallifg@hotmail.com:EVAYUNUEN12
z4vs_verified_access@live.com:Rq8$Yp4Secure
data_access_wolfcloud@msn.com:TrustedTr5!Lm2
wolfcloud_privates@live.com:HiddenAccessYq6!
rangeraguiar@hotmail.com:Paula1977*
clonallon11@hotmail.co.uk:Roxanne25#
Danikapaigee@hotmail.com:@Faith444family
extracted_from_wolf@outlook.com:AccessTr6!Qx5
adrianwalbridge@hotmail.co.uk:Trackrsv4!
katrine-ld@hotmail.com:Pepsimax1972!
valentina.rebussi@hotmail.it:Valerebu93!!
phetpailin_pum@hotmail.com:Pc190783
trestard.helene@hotmail.com:Esmey3101@
bloomboy98@hotmail.com:Chamberlain99_
renatafigueira.martins@hotmail.com:Barbie1009
z4vs_verified_access@live.com:Rq8$Yp4Secure
preesha_89@hotmail.com:esha1989
lucas-alca@hotmail.com:Privatezero13
danicaarseneault@hotmail.ca:Tigrou031!!
ak.storm@hotmail.com:Nicole8184$
raphaelcardoso_@hotmail.com:Rpll645721$$
karixu_21@hotmail.com:Auxiliar86
d6047@hotmail.com:Aa7525110
https://t.me/Z_4VS
rafael_izidorio@hotmail.com:Fael1203@@
teresa0215@hotmail.com:95062992Teresa
z4vs_verified_access@live.com:Rq8$Yp4Secure
csotere@outlook.com:Chyna91423!
yvonsimard@hotmail.com:Noemie2012
jyseugnet@hotmail.com:Cancun2727#
yasin1999@live.se:gl3f772i123
haitem20041@outlook.fr:Haitem911
wolfcloud_encoded@msn.com:Lm7$Xr9Secure
deboer633@hotmail.com:Njd54070@
gaodavid2011@hotmail.com:Gw071724
wolfcloud_privates@live.com:HiddenAccessYq6!
hemant_5581@live.co.uk:Hem@5581
mel77220@hotmail.fr:Valena210612!
danielgrief@live.com:Annette20
vkmorg@hotmail.com:Londons1
cjgarnier@live.com:Cg51438869
tchimany@hotmail.com:Servodedeus1
pm.loiseau@live.fr:cacadoie84
wolfcloud_encoded@msn.com:Lm7$Xr9Secure
CLOUDSOURCEDB_WOLF@outlook.comW:@Z_4VS
@Z_4VS.combo.extractor@live.com:Yq8#Tm4Protected
secure_extract_z4vs@msn.com:Tk8$Xr9Protected
extracted.by.z4vs@msn.com:VaultXr6*Lp2
gars86@hotmail.com:Mile3019
osmanozkoc@hotmail.com:Os03072607
rivemushiki@hotmail.com:Rakuichi1
1https://t.me/Z_4VS
private_Cloud_Wolf@outlook.com:Nf9$Xp7Vault
linyu413@hotmail.com:Linyu_123
jesuschafli@hotmail.com:Izancarla123
joao.marcos.97@hotmail.com:Joaomarcos.97
1https://t.me/Z_4VS
ljojo@hotmail.com:Elie2405
ryansback1234@outlook.com:Ryanjay04!!
mar1982_@msn.com:Deunanknuthe
socorro.parna@hotmail.com:Ms123016
nidymind@hotmail.com:Iwaki0906
jctremblay96@hotmail.com:Jeanloo96$
adde_a_97@hotmail.com:He34bu97
ma_h_a@hotmail.com:Mahmah2007
mivelyn@hotmail.com:1988226ina.
alida.1994@hotmail.it:Alidasandra22
sarahscottish@hotmail.co.uk:Scarlett3111
rudolfsailer@hotmail.com:Alicemiller273
samu.9-0@msn.com:Catania46
andeiana89@hotmail.it:Dorgali89!!
cindypitre8@msn.com:Meaghan1
CLOUDSOURCEDB_WOLF@outlook.comW:@Z_4VS
gefra.auto@hotmail.it:Officina10!
alessio.marsella00@hotmail.com:Guadagno2000.
lcgnardo@hotmail.com:M7r5g9n1
simone_cruz78@hotmail.com:Vermelho78
heller_7@hotmail.co.uk:Ric123456!!
s_ensar1905@hotmail.com:Ensar1905!!
geri_piedrabuena@hotmail.com:Camperito123.
kopanakisgiannis@hotmail.com:Giannis1957!!!
ghadeer.wd@hotmail.com:Ghad1234$$
angelesgonzalezh@hotmail.com:Angeles60
ade.camilo@hotmail.com:Cidades2
CLOUDSOURCEDB_WOLF@outlook.comW:@Z_4VS
kevper13@hotmail.com:Kevcul13
fabiomssalvador@hotmail.com:Salvador1985!!
tita24_4@hotmail.com:Vitoriarr4!!
WVALIDWQUALITY@Z_4VSwBUY
mamy3591@hotmail.fr:Guetty09!
alparslan_ece_19@hotmail.com:Berkayefe19
emily.tollan@hotmail.se:Et1027151!
rattikan.am@hotmail.com:Am0847410488
horace_love_hogwarts@hotmail.com:Aa198883!!!
martyta_2588@hotmail.com:Cojones14!
aldaruca19@hotmail.com:Daniela88
z4vs_verified_access@live.com:Rq8$Yp4Secure
cissoko.sorona@hotmail.com:Fatimfatim932
extracted_from_wolf@outlook.com:AccessTr6!Qx5
ss05262002@hotmail.com:kelly0526
gmedland96@hotmail.co.uk:Archie123!
gabrielchialvo@hotmail.com.ar:Yesica070201#
hunta.snow@hotmail.com:A09h11a12f19!!
melanie.despouy@hotmail.fr:Lilalilou64@
faiak@hotmail.com:Danger18
florcitafiore22@live.com:Kidrauhl.
pauladdy59@hotmail.co.uk:Superchip1959!
ecateloy@live.fr:Adwv3429
thais_navarro11@hotmail.com:Colorid0
allevanz26@hotmail.it:GATTO987
arlijanku@hotmail.com:Pnl2007.
wc_secure_login@msn.com:Lm9$Xr5Vault
paulalopd@hotmail.com:Paula0882501
fa.carvalho@hotmail.com:Bella2013
puravidaeric@hotmail.fr:Healer12
mrbryan96@outlook.com:Shellylief1
phtan81@hotmail.my:Phtan1981#
1https://t.me/Z_4VS
elzanne99@hotmail.com:Ennazle10!!!
oc-aparicio@hotmail.fr:Q9eaphop!!
cardenasonce11@hotmail.com:Maria42020367
wolfcloud_privates@live.com:HiddenAccessYq6!
joaovitorromanholi@outlook.com:Facelivro
mablambert@outlook.com:Soccer2601
yatve@hotmail.com:Oopalao0
erine515@live.com:Camjake123#
john.h07@hotmail.com:Carthage1998!!
jak8000@hotmail.it:Puntoabarthss9
redheadqt1228@hotmail.com:Shadow1228!!
kanat3207@hotmail.com:Aa1593578520
jiggidy123@hotmail.com:Jvb24599$
loki23@hotmail.co.uk:Bytefilter23!!
beetlebriar@live.com:Pipesmoke11!
mboystrup@hotmail.com:Skanderborg1
wolfcloud_encoded@msn.com:Lm7$Xr9Secure
alconsanjuan@hotmail.com:8114dttt
katia.abreu@hotmail.com:K@150812
willy.dujardin@outlook.fr:B@lise27
hoysinaloa@hotmail.com:Alfonso1$$
yasuhiro_ne_jp@hotmail.com:Zinto00000794
marilyne.t@hotmail.fr:Titimiki0713@@@
ht1tps://t.me/Z_4VS
oa.zo@hotmail.com:Azooz11223399
WVALIDWQUALITY@Z_4VSwBUY
scaffbuilder89@hotmail.com:Charlie5424!
marcin.was.79@outlook.com:Hawis2007
moritz2000i@outlook.de:Q2T6YYA2Y7Hi.AK5
masahast@hotmail.com:607081mh
mari.fc@outlook.com:Swm210716!123!
sharoh0830@hotmail.com:Sharo0830
wc_secure_login@msn.com:Lm9$Xr5Vault
mariana.quinzani@hotmail.com:Ma232950@@
data_access_wolfcloud@msn.com:TrustedTr5!Lm2
cam.j@live.com:Fridgecat12
emilymcd05@hotmail.co.uk:Cuddels05
enrique-facturas@hotmail.com:Gotlandm1
ferger@live.fr:Playstation974!
delmas.yannick@outlook.fr:Emilie3282?
souharym@hotmail.fr:Malika84@
cupxx92@hotmail.it:270282Luca!!
extracted.by.z4vs@msn.com:VaultXr6*Lp2
daface81@hotmail.it:Thruxton@2026
vi-enfermeira@hotmail.com:Vi389100.
Luzsuero9910@hotmail.com:Damaster9910*
meme_escobars@hotmail.com:Sandyneck
coolguy116665665@hotmail.com:Lucky3434$$
leonardohenriquue@hotmail.com:Sandrinha123
z4vs_verified_access@live.com:Rq8$Yp4Secure
Thamiresmarinhorx@Hotmail.Com:Th545311@@
tawanacortes@hotmail.com:Lorena@1122
maelvy_18@hotmail.com:Maee071618
wolfcloud_privates@live.com:HiddenAccessYq6!
dave_watson04@hotmail.com:Lilwatty14.
wc_premium_source@outlook.com:VaultLm7!Qx5
samaraboon@hotmail.com:Sam8063994
toma_speiser@hotmail.fr:Rincamato1!
offord_29@hotmail.com:Bringdarain1!
abidahmohammad@hotmail.com:Froggy84!
https://t.me/Z_4VS
WVALIDWQUALITY@Z_4VSwBUY
yasser.alahmadi@hotmail.com:Yasser140710.@
yesid.53@hotmail.com:Ramirez2508
WVALIDWQUALITY@Z_4VSwBUY
paulosilva_1991@hotmail.com:DARkness1991
hectorgveliz@hotmail.com:He25702873
lucia.colucci@hotmail.it:Annalisa13
tchicoine@outlook.com:Dollyparton69!
shedevil86@live.com.au:Cassandra01!
wolfcloud_encoded@msn.com:Lm7$Xr9Secure
wolfcloud_privates@live.com:HiddenAccessYq6!
neoklis_demetriou@outlook.com:tuitki1998
juan.camilo.lop@hotmail.com:Camilo89
aysaenz@hotmail.com:Palacios1967
zenia.kiriazis@hotmail.com:Mirame2240
roberto_merli@outlook.com:Samuele14!
@Z_4VS.combo.extractor@live.com:Yq8#Tm4Protected
adwoa14@hotmail.com:09911#Quabena
j.falcone1974@hotmail.com:Falcone1974
niceq@live.co.uk:n1i2c3e4A1
zjh_2002@hotmail.com:xuaner1026
bobbybalmer@hotmail.com:Bobbyolly11
sanches_sa@hotmail.com:Tatoi2009
gabroussard@hotmail.com:Colineb19
daniela_orrego19@hotmail.com:Dani2108
ht1tps://t.me/Z_4VS
kiaradbirtch@hotmail.com:Uixajy613
veronica.mecenero@outlook.it:Nadia1963!!
abelito80@hotmail.com:Ludgardo1
marciocaceres1962@outlook.com:m21o05C62#
faure.m@hotmail.fr:Sapeursnoopy9???
star_blak_man@hotmail.com:Gtasan11
eugenesangl@hotmail.fr:Sanglier1992.
exclusive_wolfcloud_db@live.com:VaultTm8$Yp9
lele-ribeiro@hotmail.com:Lele221502
emilie.cedran@hotmail.be:Emiliecedran1985*
mbow@live.fr:Swaag92200#
charlottedelaferte@hotmail.com:Tennis79*
joeyjohns85@hotmail.com:Catfood13@
n.nattarika@outlook.com:Nb06100425
z4vs_verified_access@live.com:Rq8$Yp4Secure
lafreda06@hotmail.fr:Nounou2206
rafaella.s@hotmail.com:Rafaellas22
evandiaye@hotmail.com:Tefouu83
extracted_from_wolf@outlook.com:AccessTr6!Qx5
jasonasher69@hotmail.com:Jackie1965@
chichi_424@hotmail.com:Fondation1973@!!
zetaz_z@hotmail.com:Rocinante1
private_Cloud_Wolf@outlook.com:Nf9$Xp7Vault
pair_ployz@hotmail.com:Ployz1988!
ruanvitor99@hotmail.com:Ruanvitor
olgun_ulcaygun.jpg@hotmail.com:05384665815Olgun
weiwah23@hotmail.com:Bdl8328$
bareta46@hotmail.es:_TATOLI0589
antonia.offner@hotmail.com:Noni210695
catieproof@hotmail.com:pePper123$
lorraine.burns63@hotmail.com:Thomas123
VALIDATEDSOURCE@Z_4VSBUY
diazmera@hotmail.com:Santiago00
magoar2003@hotmail.com:Chatina13
fexxe_@hotmail.com:Brorhampus123!
1https://t.me/Z_4VS
extracted.by.z4vs@msn.com:VaultXr6*Lp2
pmckinn693@outlook.com:Honda693!
standebarb@hotmail.fr:Salutlesamis123#
wc_premium_source@outlook.com:VaultLm7!Qx5
puntoag@hotmail.com:hell666dog
trajanolukas@hotmail.com:Messi10@@
hakan.askin@hotmail.com:112233gh
extracted.by.z4vs@msn.com:VaultXr6*Lp2
hycgott@hotmail.com:Derrickrosemvp1!
joenewton8757@hotmail.com:Figman12!
perenael@outlook.com:10nosaureS
poorgirl1970@msn.com:Boggiebear1
oldmate54@hotmail.com:Schreiber54!!
haocheng911@hotmail.com:Cf313113!
quesadaana@hotmail.com:Laurapablo12
missjuly80@live.fr:Jetaime80
djpeppard@hotmail.com:Penny2605!!
nooraldonya@hotmail.com:aziz1986
salma.hrs@hotmail.com:Salma57000
jacob-3390@live.dk:Manse123
maitiki89@hotmail.com:Natacion1989@
marcos_omarcitop@outlook.com:Ed584758d
kararong@hotmail.com:Pok-5021010023
ps.pimz@hotmail.com:Pim00152301-
wolfcloud_privates@live.com:HiddenAccessYq6!
magdaerv@hotmail.com:Tombito2005_
dillon.woltman@hotmail.com:Dillon2778?!
private_Cloud_Wolf@outlook.com:Nf9$Xp7Vault
pioup13@hotmail.fr:Velodrome13!!!!
data_access_wolfcloud@msn.com:TrustedTr5!Lm2
thib14@live.fr:Juliette2015!!
madisonclarke87@hotmail.com:Boys1217!
lali.mardon03@hotmail.com:Willow5773!!
elisabotelho@hotmail.com:La08Mi10
cristiancorneli@hotmail.com:1910Cavs@
jhon.fredy.oa@hotmail.com:Orihuela.2
private_Cloud_Wolf@outlook.com:Nf9$Xp7Vault
agatheplatel@hotmail.fr:Motdepasse1
WVALIDWQUALITY@Z_4VSwBUY
thunderjames1982@hotmail.com:barcelona1982
wc_premium_source@outlook.com:VaultLm7!Qx5
safia77500@hotmail.fr:Safia123@
ethanr214@outlook.com:Speedy214
WVALIDWQUALITY@Z_4VSwBUY
suehamilton55@hotmail.com:Amosbamos84!
regine.guillon@hotmail.fr:Leacecilia.23
joao112112112@outlook.com:19041981joao
wolfcloud_auth@outlook.com:Z4VS!Xp7Lm9
anwang1983@hotmail.com:Wangan19830131
siyoung_ahn@hotmail.com:Blondie1!
Hollycarraway@hotmail.com:Lianne88!!
peterduffie43@hotmail.com:473Grenada!
naderbowadi@hotmail.com:Nader1971
la-tina-de-los-malara@live.fr:Wanai13013?
ozan.aksu@hotmail.com:30052009Ozan
Cash.achat.or@hotmail.com:Lebestdu81?
exclusive_wolfcloud_db@live.com:VaultTm8$Yp9
juank9941@hotmail.com:JuanCarlos197070
isc-yellowwinder@hotmail.com:Pentagon66
erikita2822@hotmail.com:Reymar28
washington.bernal@hotmail.com:Ubatuba@10
wolfcloud_privates@live.com:HiddenAccessYq6!
ht1tps://t.me/Z_4VS
futmoy_10@hotmail.com:Jramg103
larissagaby.10@hotmail.com:La111213@
exclusive_wolfcloud_db@live.com:VaultTm8$Yp9
centroesteticoveronica@hotmail.com:Veronica22
silokam@hotmail.com:L.x6945579582!
vanderperrenlenny@live.be:L3nny71099
maury_rivera@hotmail.com:Santopecado0911
private_Cloud_Wolf@outlook.com:Nf9$Xp7Vault
flo7557@hotmail.com:Comisfeany1.
jacobhhinds@outlook.com:Jacobh#%2002
pdr2014@hotmail.com:Bluedevil22!
felix.neto@live.com:Felix1233210@
tonylsz@hotmail.com:Flamengo45
magny93@hotmail.fr:Armatacorsa2b
secure_extract_z4vs@msn.com:Tk8$Xr9Protected
marculinoneto@outlook.com:Masn$4399
lollypop_oh@hotmail.com:Oh150929
memtnhi@msn.com:crazy2day
salemguru@hotmail.hu:Olahtamas1985
heraldo_carneiro@hotmail.com:hc917237
ing.ramirez.z@hotmail.com:Cdrz9102
rodrigoz_1985@hotmail.com:Friends00@
sacha2609@hotmail.fr:Sacha0877!
damien183@hotmail.com:Dam101268...
gtmr2@outlook.com:Gtmr5963
wolfcloud_privates@live.com:HiddenAccessYq6!
WVALIDWQUALITY@Z_4VSwBUY
wc_premium_source@outlook.com:VaultLm7!Qx5
claudianewcl@hotmail.com:Ll201406#
extracted.by.z4vs@msn.com:VaultXr6*Lp2
alex.wilks@hotmail.co.uk:Toska101
https://t.me/Z_4VS
isaoliveira_5@hotmail.com:Wish.5728
giuseppesdg@live.it:Trattore1
kaustav1968@outlook.com:3D3m1968*
juliocasanostra@hotmail.com:Gentegrande123
anaglorya@hotmail.com:Maripili03!!!
lelandais.g@live.fr:Leane170615!
private_Cloud_Wolf@outlook.com:Nf9$Xp7Vault
chatice31@hotmail.com:Lacepiere66
stefaniaabate@hotmail.com:Bento0510@@
leat59400@outlook.fr:Happy1202!
cam.charron96@hotmail.fr:Jivago96
amiternumbedandbreakfast@hotmail.it:Giacomo1980
a.graves72@hotmail.com:Ste131805!
chris-louis@live.fr:Psg12345
khyawitheridge@hotmail.com:Yeah1998
pereschuk_1@hotmail.com:Chasedog2007!
1https://t.me/Z_4VS
mark-vin@hotmail.co.uk:Stringer1957#
ricardoramoslopez@hotmail.com:Odracir19
brandonk19@live.com:Kfx45019
mustafa42_guclu@hotmail.com:Mstfgcl.95
luming.sjtu@hotmail.com:Fa,Ms,Lu
wc_secure_login@msn.com:Lm9$Xr5Vault
private_Cloud_Wolf@outlook.com:Nf9$Xp7Vault
laurapost2002@hotmail.com:Sterrenbeeld7!
tezcan.2003@hotmail.com:Hayrix123mnb
gettherefast740@hotmail.com:pratchaya12
clementommasi@hotmail.fr:Fcbarca10!!
wolfcloud_source@live.com:Yp7*Tr6Qx8
sanel79@msn.com:Hmsifra79
angelino1983@live.nl:Shanaya2005
okiwuna2@hotmail.com:Fbbackman01!
wangniancheng@hotmail.com:Wnc$318191
treyshepard1@hotmail.com:Kfs2015!
wolfcloud_source@live.com:Yp7*Tr6Qx8
MR.BZL@HOTMAIL.COM:Bzll1155!!
ht1tps://t.me/Z_4VS
maritapocco@hotmail.com:19110326Mp
malamba@hotmail.com:Pugone54
vitor-fs@hotmail.com:Hedien66@@
wchavesitba@hotmail.com:Jardimeuropa2
vivimaellie@live.fr:Charline2010
edmar_spereira@hotmail.com:Edmarpereira
laff.2011@hotmail.com:Regiro23
asifrana7662@hotmail.com:Asif@7662@
z4vs_verified_access@live.com:Rq8$Yp4Secure
dani.polsil@hotmail.com:Gi270106@@
baffy2012@hotmail.it:Cinzietta61
s_balser24@hotmail.com:Savannah12**
corral_julio@hotmail.com:Leslieyjoel2
judini84@hotmail.com:Judini1984
lillian-alfaro@hotmail.com:Yllil31alfaro.
mister_nad@hotmail.com:Nadeem1984
Mohamed-akouh@live.fr:Riri2612.
melinda_vincenti@hotmail.com:Meli1991!!
eladib_7@hotmail.com:Elad2970$
exclusive_wolfcloud_db@live.com:VaultTm8$Yp9
chloepp@hotmail.es:Canada2011!!!!
patricia_mp90@hotmail.com:Lospacos23..
WVALIDWQUALITY@Z_4VSwBUY
secure_extract_z4vs@msn.com:Tk8$Xr9Protected
alexpirzolo@hotmail.com:Gerva-12
kb1973@hotmail.co.uk:Raheeb123
ahmed.heeba98@hotmail.com:Iheartmyfamily1
pat1406@hotmail.com:Patou1406
olgawanschel2013@hotmail.com:Olga210176!
data_access_wolfcloud@msn.com:TrustedTr5!Lm2
extracted_from_wolf@outlook.com:AccessTr6!Qx5
caro4546@hotmail.com:Avs87aen
anymistica@hotmail.com:Eclipsefinal1
sully_084@hotmail.com:Roland1337
vero__ve@hotmail.com:Felipe18
roslyn.bradley@outlook.com:Anne1971!!
rafzksa@hotmail.com:Ray2010an@
sbm08@hotmail.com:emltosbm9879
WVALIDWQUALITY@Z_4VSwBUY
vbarreto86@hotmail.com:Vyvy1877@@@
dani.boy_aguilar@hotmail.com:Ninorata34#
demiie_robson@hotmail.com:Lldnfr2015!
hanane.a.z@hotmail.fr:Nassime12!
will.bargh@hotmail.co.uk:Mufc4life8_!!!
marvin641@hotmail.co.uk:Slayer75?
sitotaw@hotmail.com:Alesit1980
sehesson@hotmail.com:Beauloki69##
leo2005ceria@outlook.it:Carrarov6!
tiagooguerra@hotmail.com:tiago32519453
rayssahellemsp@hotmail.com:Ra020406.
miguel_jo@hotmail.com:muchachoalegre16
crim165@hotmail.com:Rangi165$$
extracted_from_wolf@outlook.com:AccessTr6!Qx5
taocave@hotmail.com:Rewolucja1!!
wandacrx@hotmail.com:Wanda2703
rjhenderson32@outlook.com:Badass32.
souvlaki75@hotmail.com:stavros1968
zariam@live.com:Boof1440
michelle_karl@hotmail.com:Caleyr8524!
taigerrc@hotmail.com:Akirafudo@
aallerga@hotmail.es:Hpet24a91999
sherry_sho@hotmail.com:Cherry2525
zaza-lemire-95@hotmail.fr:Quiberon56!
mrmdg959@live.com:dryer4474
izzy.moustafa1@hotmail.com:Izzym1122
pandoramn@hotmail.com:Seadramon101!
snowblind66@hotmail.de:qbad9z78
scpgiulia@hotmail.it:Niccolo2010!
em.sharp@hotmail.com:Ryan1305!
https://t.me/Z_4VS
ipayne69@hotmail.co.uk:Gorgeous1!
emmanoscoe@hotmail.co.uk:Beckham114!
meralbasarici27@hotmail.com:Azraece27
ht1tps://t.me/Z_4VS
gh_gh_7@hotmail.com:@Rhhmsmm28
shelshok48@hotmail.com:Chantele1
maier_amanda@hotmail.com:Jameson1511$
john_flavio64@hotmail.com:John4164
wolfcloud_auth@outlook.com:Z4VS!Xp7Lm9
ben_paynter@msn.com:Eliesha5!!
caden.parnow@outlook.com:Crafty11
ht1tps://t.me/Z_4VS
ay-tekdogalgaz@hotmail.com:Aytek256
ritafraschetti@hotmail.com:Nicola81!!
titou2307@hotmail.com:@Putaindemerde1
blacet@hotmail.fr:Motmot42@@
evamartin69@hotmail.fr:Poupette2407!!
hawkinson5rocks@live.com:Haylee07!!
amonmar_@hotmail.com:Amm@1986
dinuccio.roberto@hotmail.com:William07.
wc_secure_login@msn.com:Lm9$Xr5Vault
salvador_zuge@hotmail.com:Zugeilys1,.
nobuyo53@msn.com:Tugumama53
extracted_from_wolf@outlook.com:AccessTr6!Qx5
aurel_86@hotmail.fr:Figolu@1986
diypixie@hotmail.co.uk:Ladder60
dzkdlj@hotmail.com:Lili13880623837***
ashraf.antar@hotmail.com:Ama-110959
fabyana_kel@hotmail.com:Faby3690
vanessa.2003@hotmail.fr:Vava0507
mbrownrealtor@outlook.com:Mb199798
data_access_wolfcloud@msn.com:TrustedTr5!Lm2
CLOUDSOURCEDB_WOLF@outlook.comW:@Z_4VS
mazenvirus@hotmail.com:4ba34b4c18
j.biermann97@live.de:Kartoffel101
danirvalle@hotmail.com:D@ni160997
manel4141@hotmail.com:Manel1965
gwadakille@hotmail.fr:Deltax23!!
xavier_arguello11@hotmail.com:yepipi666
wahid1@live.com:Mohammad1
dimana03@hotmail.com:Daniza1966
abstar50@hotmail.com:Paddington1$
scottygeneberry@hotmail.com:Sadie5954!???
patcharin_p_kvn@hotmail.com:Aoddel@2509
sonia_gorowara@hotmail.com:Sonia389@
luciane.labruna@outlook.com:Metallica181712
clovis_zip@hotmail.com:DHZ261078
amfy@hotmail.es:Utebo3113
sloush@hotmail.com:ms280683*
pablitogila1995@hotmail.com:Tontoelculo
dj_bryan_15@hotmail.com:Xikitodepre123
juhaerjovuo@hotmail.com:1987Keijo@
tammy-gibson@hotmail.com:Bd21866!!
jcarlos_680@hotmail.com:Dannagarcia1
wang1996zhe@hotmail.com:Wz1996710!
WVALIDWQUALITY@Z_4VSwBUY
ronnie-1984@hotmail.it:Bm16022010
wc_premium_source@outlook.com:VaultLm7!Qx5
john.289@hotmail.com:Lkk01201205
CLOUDSOURCEDB_WOLF@outlook.comW:@Z_4VS
camillyvgb@hotmail.com:C3!amilly2!1
syanne_26@hotmail.com:Sy@nne.10
dami-zeni@hotmail.com:Daxter1995!
rapo1969@hotmail.com:Rapo.3851
xeqfum@hotmail.com:Xequefumfa2012.
ataberk_yurt@outlook.com:Nthkuvwgia
lauragarnil@outlook.fr:Laura271190@
wc_premium_source@outlook.com:VaultLm7!Qx5
aaronjohnrobson@hotmail.com:Robson@123
laurajane1@live.ie:jennings81!
extracted.by.z4vs@msn.com:VaultXr6*Lp2
thomas_stellino@hotmail.com:Cityblues9
stassrcc@hotmail.fr:Sssmmm59
hanbyull_kang@hotmail.com:Heihachi19
gill_burns@hotmail.com:Ddbcddbc1
salman_844@hotmail.com:Nn050955!
nana.ofranti@hotmail.com:Sucesso00
coolspike1983@hotmail.co.uk:Therock1983!!
wolfcloud_source@live.com:Yp7*Tr6Qx8
brenton152003@bigpond.com:@Hotmail88
francyscoaguiar@hotmail.com:Fp220287
chapilloud@outlook.fr:Naya29092019!
buck_shot82@hotmail.com:ford4urs
silvasilva131@hotmail.com:wsoares1983
dmiramontes@live.com:Pollito#2009
exclusive_wolfcloud_db@live.com:VaultTm8$Yp9
jjppddmm@hotmail.com:johnmc1#
Filipe_pliscker@Hotmail.Com:pliscker345473
david.hendrickx@live.be:Dariofo123
leigh.ann87@hotmail.com:PennyJessica14*
niccupps@hotmail.com:Hardyharhar1
lucas.melogomes@hotmail.com:100216Lu@!
l.malekh@outlook.fr:Banane3107????
mayy76@hotmail.com:Naheed786
manolipc75@hotmail.com:maruja75
carmeaznar@hotmail.com:Rubi0718@
noemi_grosso@live.it:Sslazio1900!
mastakai@hotmail.com:matrix123@!
extracted_from_wolf@outlook.com:AccessTr6!Qx5
iyaksu@hotmail.com:971602032.Aksu.
ne-bile@hotmail.com:Er89kr1m
angreilly2222@hotmail.com:Mygrankids1@
wolfcloud_auth@outlook.com:Z4VS!Xp7Lm9
micaelagidlund@hotmail.com:Madeleine1
almahrisaad@hotmail.co.uk:SAAD12345d!!
el_carino_4946@hotmail.co.jp:elcarino4946
private_Cloud_Wolf@outlook.com:Nf9$Xp7Vault
edilsonbrandao1@hotmail.com:88164100Bia***
extracted.by.z4vs@msn.com:VaultXr6*Lp2
bivianajose28@hotmail.com:Bivij61828@@
charlesdyates@hotmail.com:Dolphins83$
rosangela_pf22@hotmail.com:*Bernardo2014*
casandrayanesrodriguez@hotmail.com:Tecnologia12
elora1178@hotmail.fr:Bocquillon2808
rubber_part@hotmail.com:Ravink11@
malexib@live.fr:a0169288727A@
edouardbureau@outlook.com:Shadow1998!!
fati_25_93_1@hotmail.com:lokisima93
nicola81096@hotmail.com:Chocolate81096
pierre.bost@hotmail.fr:Pierrelyon69!
mrcfgaming333@outlook.com:Fakaosi#1
wc_secure_login@msn.com:Lm9$Xr5Vault
luisfff@hotmail.com:Lu138382!!
eudsonjr@hotmail.com:Prgb051608
jayahalai79@hotmail.com:Mahin123
neko.iamyumi@hotmail.co.jp:mayumi1212
ht1tps://t.me/Z_4VS
dudguedes@hotmail.com:456123789Eduardo
dominiknow@hotmail.com:chochamu23
ronnek@hotmail.com:Kyw339xdy587@
a-a-s-d-d@hotmail.com:Aa12344321
melwin040394@hotmail.com:JanMel230422!
s100scd@hotmail.co.uk:Mollydec177
uyducuu@hotmail.com:Mali5513.
mmaauu_6@hotmail.com:Mulan456
courtenay_hf_2012@hotmail.co.uk:Coco1995!!
mylipgloss-is_poppin@hotmail.com:zadiebug208
bruna.ribeiro2999@outlook.com:Bruna291099#
wc_secure_login@msn.com:Lm9$Xr5Vault
lottieguy@hotmail.co.uk:EllieMaher22
araskacar5353@hotmail.com:Aras5353
cepgsm23@hotmail.com:gakkos2323
sean-s123@outlook.com:Ava15Tommy3!!!
martin.a.evans@outlook.com:Mart1n1*
lilian050@hotmail.com:Lilian54050
dmjjbanks@msn.com:DB55@mb67
rafaelaadm2009@hotmail.com:ni181163
WVALIDWQUALITY@Z_4VSwBUY
aidavanderli_2007@hotmail.com:280704Mt
kuljitsingh84@hotmail.co.uk:Rajpreet1988.
isrcia@hotmail.com:Fortaleza1
gui_tiozzo@hotmail.com:Tripa8270@@
1https://t.me/Z_4VS
larissa_haup@hotmail.com:Gatinha123
extracted.by.z4vs@msn.com:VaultXr6*Lp2
clementloeuillet@hotmail.fr:Pvecchio77@
txusfreire@hotmail.com:Txusinho80
extracted_from_wolf@outlook.com:AccessTr6!Qx5
wolfcloud_privates@live.com:HiddenAccessYq6!
saliha-yas@hotmail.fr:Muhammad2015
@Z_4VS.combo.extractor@live.com:Yq8#Tm4Protected
asyraf_hassan@hotmail.com:Overdrive1@
saretta90.roma@hotmail.it:Saretta98!!
sky4marcus@hotmail.co.uk:Zephyr453!
jogarcifu@hotmail.com:Gitimail1
tommyviii@hotmail.com:Hailey01
seshagirigarimella@hotmail.com:Chang3m3
kanguro38@hotmail.com:Anasoto1965
sophie.perron11@hotmail.com:Bleuet11
michaelcrawford61@live.com:Louie2007@
lina.1968@hotmail.es:Carlina1968
jeremyfelber@hotmail.com:Jerm0182!
jbelanger33@hotmail.com:Sonson27@
marcellevianelle@hotmail.com:Hft080205.
marquinhosavare@hotmail.com:Amg1306amg?
gabrielvasquesb@hotmail.com:Ig,2al,ja.debora
joanymlehr@hotmail.com:Joan$4150
Parefrederic@Hotmail.Com:Pafe1234
lara.katelly@hotmail.com:Larawhy.1
wolfcloud_source@live.com:Yp7*Tr6Qx8
WVALIDWQUALITY@Z_4VSwBUY
shawnd311@hotmail.com:Chase308$
mel22vic@hotmail.com:Samm197322
WVALIDWQUALITY@Z_4VSwBUY
pitchounete06@hotmail.fr:Gaelog06!
CLOUDSOURCEDB_WOLF@outlook.comW:@Z_4VS
private_Cloud_Wolf@outlook.com:Nf9$Xp7Vault
extracted_from_wolf@outlook.com:AccessTr6!Qx5
tsfoster@live.co.uk:Radio321star!!
sarahpike87@hotmail.co.uk:Hifihifi2!
beccaj2008@hotmail.co.uk:Angelj123@
paotecnologica@hotmail.com:Princesitapao1301
alex_agut@hotmail.com:Kawazx9r@
tsbond@hotmail.co.uk:Sweeties1!
sweetchris@live.fr:Chris33650
army.gob.us@hotmail.com:Army1974
viviansantanap@hotmail.com:V12i13y3
8dani9@hotmail.es:Bodyboard92
cesarhenrique_pns@hotmail.com:Ceh890724@
jjordes@hotmail.com:Guigui1818*
seb_grenier@hotmail.fr:Larousse2006
wc_premium_source@outlook.com:VaultLm7!Qx5
inaiz2011@hotmail.com:1402Mage1&
florpeixer@hotmail.com:Flor@1974
mrsbig5@hotmail.com:Exit3948!!
wafamaghni@hotmail.com:Wa35126987@
jonatanleonelc@hotmail.com:Maximo2312
leomerlino@hotmail.com:Arcoiris1
jlls09@hotmail.com:J11260606l
david_vas_qz@hotmail.com:dvm160581
exclusive_wolfcloud_db@live.com:VaultTm8$Yp9
alex987546@hotmail.com:Euro-pro01
mervinlow@msn.com:Mervin7790
wc_secure_login@msn.com:Lm9$Xr5Vault
jens_eger@hotmail.com:Leonjoel23!!
data_access_wolfcloud@msn.com:TrustedTr5!Lm2
wolfcloud_privates@live.com:HiddenAccessYq6!
g_curro@hotmail.com:2006Javier
aidancaseywells@hotmail.co.uk:Stig12345!!!
sara_fh@hotmail.com:Goblins11
extracted.by.z4vs@msn.com:VaultXr6*Lp2
wc_premium_source@outlook.com:VaultLm7!Qx5
xavierveronneau@hotmail.fr:Sophia16122015
jasoncohen@hotmail.fr:Somatrans01150
zarama1997@hotmail.com:Steve1997$
ssam1129@hotmail.com:Kazoo2003
wc_secure_login@msn.com:Lm9$Xr5Vault
alex_haukedal@hotmail.com:Chadwick10
gahmen@hotmail.com:Jonasgahm86!!
WVALIDWQUALITY@Z_4VSwBUY
nami.toni@outlook.com:igbamidara319
extracted.by.z4vs@msn.com:VaultXr6*Lp2
baumi.stefan@outlook.com:Baumi0604
hitesh_ks_402@hotmail.com:Hit_7624
samdanielleshort@hotmail.com:Stringypark12!
wolfcloud_source@live.com:Yp7*Tr6Qx8
alexyor8@hotmail.com:Allaura22@
jeanette_martina_64@hotmail.com:Mijnkids6!!!
pitschnitz@msn.com:Fresno12!!!
boralee0915@hotmail.com:Irenebora1004$$
keviruchis@hotmail.com:Madaquecua1
stella.3@live.it:Extensa5220@
play32@live.fr:Sniper2011
elvisdope@hotmail.com:Maandag2001
pianeloo@hotmail.com:Inmortal
jessiehuang328@msn.com:Jessie328
adiladehmani@live.fr:Jahid2009
marimarlc-81@hotmail.com:040781maR*
danielbonelli15@hotmail.com:84165278Dd@@
sweet_afny@hotmail.com:Afny1212
phanirao@hotmail.com:Aryanrao@01
beahernandez90@hotmail.com:Educacion30
gi.sinegaglia@hotmail.com:Gigi2503!
laionnsilva12@hotmail.com:Lsc@81150897@
marianne_bd12@hotmail.com:Mariebd12$
lyndeesantero@live.com:Leopard2!
carlos_davola@hotmail.com:Tiro2005
o_ferfe@hotmail.com:Ohmaezral1
xavirodriguezzf@hotmail.com:Xrr010200!
rasmuslind100@hotmail.com:Ras1951l@
https://t.me/Z_4VS
wolfcloud_privates@live.com:HiddenAccessYq6!
wolfcloud_source@live.com:Yp7*Tr6Qx8
suspicious_interceptor@hotmail.com:Kbt.20200.1
marcotulio.09@hotmail.com:Mt1234567
nadou19744@hotmail.com:Pluche9248
paulafr96@hotmail.com:Amsterdam2020.
wolfcloud_privates@live.com:HiddenAccessYq6!
redearth0601@hotmail.com:Iivvyy00660011$$$
VALIDATEDSOURCE@Z_4VSBUY
yildirim1207@hotmail.com:Ilayda1207!!
alexsanderod@hotmail.com:Al,231993,$$
paparacci2008@hotmail.com:Sandoval20765693
drawlings7@hotmail.com:Westham7!!
borja_er@hotmail.com:Ber616349367
jochemtennapel@hotmail.com:Noortje99
padeiaco@hotmail.it:Margot66.
edcharleton@hotmail.com:Filthylucre4218
carl_desjardins@hotmail.com:Afghanistan1
ismaeldoiic@hotmail.com:M1a2e3l4*
samuelwatts_13@hotmail.co.uk:Watzy1234$
rdomingues12@hotmail.com:Sucesso96
andres_vesu16@hotmail.com:Lionella12.
eliseamy88@hotmail.com:Noah2020
rafael_castillo_requena@hotmail.com:R17352596r
saramurielmuriel@hotmail.com:R1a2m3o4n5@
data_access_wolfcloud@msn.com:TrustedTr5!Lm2
yahoodipu@hotmail.com:Dl20866pl++
pjlitao1014@hotmail.com:Leetao1014@
darlingguzman@hotmail.es:Dagas_1313.
happybird230@hotmail.com:Aa7996107!
maloriebakolas@hotmail.com:Lisa220410
klea1212@outlook.fr:Klea2309@@@
yavuz.filiz@hotmail.de:sila19.05.01
cristina_oliveras@hotmail.com:Velcro01
pgiguere@hotmail.fr:Charlotte68!!
tuf1973@live.be:Nick19991973@
kalmansandor@hotmail.com:Sa82Ma76
yrx654272406@outlook.com:Yrx20040803
ezvl@hotmail.com:Hemo1231234@@
tecrisdasanta@hotmail.com:Teca2711
laiany.daniela@hotmail.com:1710cachorro
samcool10@hotmail.com:Sakeje94
mirko37@hotmail.com:Calciatore121!
cute_ca_rm@hotmail.com:Meganate27
wc_secure_login@msn.com:Lm9$Xr5Vault
extracted.by.z4vs@msn.com:VaultXr6*Lp2
nikoletta20@hotmail.gr:Kec5405957@1
victormanuel2012@hotmail.es:Teneteide0464
tarrillo83@hotmail.com:Mt@rr1ll01
hope4light@live.com:Futurehope2016
myllenasousa_nutri@hotmail.com:Jesus0409
sanderhammer@hotmail.com:Melm1972&
drexlerm@hotmail.de:Vfbdurach94
lorena251932@hotmail.com:Sarita1611
kristifaust_rn@hotmail.com:Kristi509
keithrashid@hotmail.co.uk:Temple_195454.
watin_ng@hotmail.com:Watin2491
frost_180@hotmail.com:Basketball248
irek853@live.com:Matrix853.....
eitor.felix10@hotmail.com:Ch260800!!!
secure_extract_z4vs@msn.com:Tk8$Xr9Protected
lawson428@hotmail.com:Twister4
private_Cloud_Wolf@outlook.com:Nf9$Xp7Vault
sunshine.19@hotmail.com:Jolie.19
vieiradaia@hotmail.com:Daiane*1983
f_y_6637@hotmail.com:Fatihh6637-
brenda-bartlett@hotmail.com:Bb480107.
romen_sl@hotmail.com:1805EnriqueZ
m.watson64@hotmail.co.uk:Fairys1964!
adriana_daufenbach@hotmail.com:Aniram12
dc10aao@outlook.com:Dong511528!
lehtila_4@hotmail.com:Janille1986
ht1tps://t.me/Z_4VS
wilhelmevi@hotmail.com:Gergweis2
serudide@hotmail.com:Sergiocanyon74
loris130@outlook.fr:Loloirem.130
djetta2001@msn.com:Diana2986!!
camila.rosa980@hotmail.com:belata123
andrupapas@hotmail.com:Aniuska79#
weej87@outlook.com:Matthew02!!
valentin_murgia@hotmail.com:Valentinmurgia3
shout01@hotmail.com:Valentina040216
dinairpereira2008@hotmail.com:Dp12232629
drallex_11@hotmail.com:Drallex123!
guillaumefaurie@hotmail.com:DXlety73141#
@Z_4VS.combo.extractor@live.com:Yq8#Tm4Protected
butterflyboutique@live.ca:Butterfly55!!
nico-du70@live.fr:S2tcqx97
gi_emilecardoso@hotmail.com:Gisele26.@
joleecolucci@hotmail.com:Miclee11!
momoco-wu@hotmail.com:Wujiayi1008!
dominique0811@hotmail.com:Dominath2506#
adallberto@hotmail.com.br:Liberdade1$$
CLOUDSOURCEDB_WOLF@outlook.comW:@Z_4VS
firmanrachmawan@hotmail.com:Namrif92!
private_Cloud_Wolf@outlook.com:Nf9$Xp7Vault
oat19411za@hotmail.com:@Guj22rto
shengyu1984@hotmail.com:Sy1984917!
wolfcloud_privates@live.com:HiddenAccessYq6!
amandine-debourges@hotmail.fr:Bouboulina
simoesdos@hotmail.com:Setimo02.
lelanderos@msn.com:Camila12
kt.ichihara@outlook.com:Hiro1186
cidamirim@hotmail.com:Cida5910302!@!
mos_chami@hotmail.com:Elhaskaoui1969
jeagled@hotmail.com:E042500d!!
nomranoz@hotmail.com:Noz214984@
markuschamp1@hotmail.com:Markus1984.
goiano_23@hotmail.com:Goiano77
emilie20@live.dk:Lillemis20
wolfcloud_auth@outlook.com:Z4VS!Xp7Lm9
princesslaia@msn.com:Dakota74!!
shims72@outlook.com:Shimzie72*
suniette@hotmail.fr:Coulommiers77
peppery33@hotmail.com:Esc123456
liamharbisher@hotmail.com:Monday22!
jgqandshh@hotmail.com:dongdong1077.
secure_extract_z4vs@msn.com:Tk8$Xr9Protected
shareenrana@hotmail.com:Shnarza7@@@@@
VALIDATEDSOURCE@Z_4VSBUY
brenda.boorges@hotmail.com:Mariiana2!
antonino.fragano@live.it:Nonnoangelo77@
extracted_from_wolf@outlook.com:AccessTr6!Qx5
lgraquel913@hotmail.com:Camaron913
davidtheplayer69@hotmail.com:Austinrock10
maurafritz@hotmail.com:Maura-250170
henrymejia1@hotmail.com:Juanjose24
bncfisio@hotmail.com:Eusoufeliz1
maxcre@hotmail.fr:Maxgiantstp.
justine.lns@outlook.com:Titeuf21.
pelouse73@hotmail.com:5448426Mat!
martampd@hotmail.com:Perico-22
sure_821@hotmail.com:kakashy821
wolfcloud_privates@live.com:HiddenAccessYq6!
www.teerbo.999@hotmail.com:Khalid5142994?
wc_secure_login@msn.com:Lm9$Xr5Vault
fernandezlatorre@hotmail.com:Tulipanes9
sear2002@hotmail.com:sear0598877
andrezalimaarq@hotmail.com:Deza2809!
fabiolaangel2011@hotmail.com:Gatinha62@
abdulbasit.eskici@hotmail.com:0ywbgh2c
daste35@hotmail.com:Petshopboys11
mateusgamermestre@hotmail.com:Evelise2864@
wolfcloud_privates@live.com:HiddenAccessYq6!
dooorado@hotmail.com:Huamal789@@@
mireille1983@live.de:@MC384t76!
WVALIDWQUALITY@Z_4VSwBUY
deivi.la.leyenda@hotmail.com:Bienvenido02
marcia.loureiro25@hotmail.com:Mauricio@210268.
samu_na@hotmail.com:Porcup1986@@
leoalvizo@hotmail.com:Leonardo00!
mathis.c2104@outlook.com:Mathis.2104
ibrahimpazarbasi@hotmail.com:Hamhuz0808.
wc_premium_source@outlook.com:VaultLm7!Qx5
audicoyani@hotmail.com:Papa0033
mativiva@hotmail.it:Inter1908!!
wolfcloud_auth@outlook.com:Z4VS!Xp7Lm9
z4vs_verified_access@live.com:Rq8$Yp4Secure
katiegodfrey69@hotmail.com:Jazzthedog69
wolfcloud_source@live.com:Yp7*Tr6Qx8
ademar_7@hotmail.fr:Papouche972
dindinus@hotmail.be:Ladinde85
laa_aaiinhooaa@hotmail.com:Amoreterno20...
julianacremona@hotmail.com:Somostres2016
alizee_caceres@hotmail.com:Alizee1992
insolite_59@live.fr:Minisu59
z4vs_verified_access@live.com:Rq8$Yp4Secure
masaru_matsuo0293@hotmail.com:Bnr340293
owairanbrendon@hotmail.com:@Raphaaleb8
wolfcloud_source@live.com:Yp7*Tr6Qx8
jimenez_carlos84@hotmail.com:Carlosj2h84
m1095766117@hotmail.com:LOlo511511@
morgana_nista@hotmail.com:Mnb60302!
sfenslau@hotmail.com:Moyer913!!
turtle_speedster@hotmail.com:Gravedigger1!
mesquitars@hotmail.com:O010826o
valentin-dormeuil9@hotmail.fr:Miaimeaou30!
extracted_from_wolf@outlook.com:AccessTr6!Qx5
abreusarah@hotmail.com:Hp930147@
mansoor_h66@hotmail.com:Shaheera509
juanparisi@hotmail.com:Fato9403
hcgswang@outlook.com:Toronto2017!
wolfcloud_source@live.com:Yp7*Tr6Qx8
mingfung0901@hotmail.com:Fungzer01
vanlangille@outlook.com:porcchop12
chipo-k_po.47@hotmail.com:mustaine47
pegiane@hotmail.com:?Abcd0524
private_Cloud_Wolf@outlook.com:Nf9$Xp7Vault
readyengineering@live.com:Lord7hills
mele_1960@hotmail.com:Pepeluis60
hhes03@hotmail.com:Asdf2012
glaucoler10@hotmail.com:Rgbt150190
adelphe_barros_levy@hotmail.com:Adel22041990
yasmina.el.b@hotmail.fr:Solupred20mgg
pepi_torres1987@hotmail.com:Javier2011!!
m.basyoni@hotmail.com:Basyon1i
nealhadgraft@hotmail.co.uk:Boreham128
CLOUDSOURCEDB_WOLF@outlook.comW:@Z_4VS
felipe_piazza88@hotmail.com:Sabiasubia
soldadojavi007@hotmail.com:Soldadobond007
ariotic_jas@hotmail.com:Lucas1206!!!
benny.benitos@hotmail.no:Hallangen123?
loveangel835@hotmail.com:Angel835
teresacazu@hotmail.com:Chamito9
marcelo_caramori@hotmail.com:Caramori92
johnbrain49@hotmail.co.uk:Kylejames2##
latortuej@msn.com:la112267
smash_2000@hotmail.com:Xperia2000
ong_caron@hotmail.com:Olcc0479#
lmego0727@outlook.com:Uion2200
carol.airesleite@hotmail.com:@Carol0209.
marco.consoli79ct@hotmail.it:Cucciolo79
ht1tps://t.me/Z_4VS
hano1gou@hotmail.com:H141421356y@
charhainstock@outlook.com:Makayla1
jess.coleman2011@hotmail.co.uk:Jjrocks123!!
enzo-zika@hotmail.com:941962Claudio
autopiecesdiscount@hotmail.com:Ommilan1993..
meganerenzo@live.be:Lovede123
ednilsonglopes@hotmail.com:Dino0709$
st88229@msn.com:Miller0112
extracted_from_wolf@outlook.com:AccessTr6!Qx5
tonilloyd_97@hotmail.co.uk:Tonilloyd97!!
secure_extract_z4vs@msn.com:Tk8$Xr9Protected
estellepin@hotmail.fr:M@rinelli1504
shawncallanan@outlook.com:CHEVELLe70
yisusweeee@outlook.com:JACR0811.
ced-de-zutter@hotmail.com:Hera2632!!
tombalee@hotmail.com:Jy@20019971
rstreeter1@hotmail.com:streeter11
carolcguillen@hotmail.com:Plancha18
wolfcloud_privates@live.com:HiddenAccessYq6!
muzzy_000@hotmail.co.uk:Austinv12
@Z_4VS.combo.extractor@live.com:Yq8#Tm4Protected
hwtan.co@hotmail.com:Thw@0162207608
assassin-skygon01@hotmail.fr:Toutouille01!
Quarizma67@hotmail.com:Gokturk67.
mary.money@hotmail.com:Liza0314$$
joepmejias@hotmail.com:Chiqui4689
jonathanwesth@hotmail.com:Fagerhult1?!
yzougas@hotmail.com:Glaros74@
diogosorprezo10@outlook.com:Diogodbs1
scott.a.haynes1972@hotmail.com:Samlucas123
kaitlyn.shord@hotmail.com:Bond191068
wolfcloud_source@live.com:Yp7*Tr6Qx8
extracted_from_wolf@outlook.com:AccessTr6!Qx5
wolfcloud_privates@live.com:HiddenAccessYq6!
extracted_from_wolf@outlook.com:AccessTr6!Qx5
adelineropiquet@hotmail.fr:Bidipoume123
mooredj9@hotmail.com:Naknekak1!
franck.katia@hotmail.fr:Killian33!
wolfcloud_privates@live.com:HiddenAccessYq6!
lauracassidy89@hotmail.co.uk:Abigailhowarth1!
melissa.th@hotmail.fr:Tymeo2012!!!!!
aureliee37@hotmail.fr:Lennynina37
mohammed.hr13@outlook.com:Shahzadabint1
scotteamens@hotmail.co.uk:Bulbs008
caro-velarde@hotmail.com:Caro120199
wa7793@hotmail.com:App16152$
charondavid@hotmail.fr:Davalex1!
wolfcloud_source@live.com:Yp7*Tr6Qx8
wyb00147@outlook.kr:wys28699137!
soreau.esteban@hotmail.fr:Xdeadpool
jc.cardoso01@hotmail.com:270609Jc@+
g_kidney@hotmail.co.uk:Boby2902
huelya_orhan@hotmail.de:Yadel20000
wolfcloud_source@live.com:Yp7*Tr6Qx8
smiskov@outlook.com:$A3lgts5570
dianehsu@hotmail.com:Alfredo4ever
pun_573@hotmail.com:Pun01736
yvan_sanchez@hotmail.fr:Ricard51
wolfcloud_auth@outlook.com:Z4VS!Xp7Lm9
ridoxx@hotmail.de:L21m12G1990
CLOUDSOURCEDB_WOLF@outlook.comW:@Z_4VS
luna_prinzecxitha_one@hotmail.com:STARrock2407
roby_1416@hotmail.com:11223344Rr!!
niceksd@hotmail.com:Salladin1!
https://t.me/Z_4VS
hasan.03.10@hotmail.com:Hasanerbay129
snyderkv@hotmail.com:Slash1980@itt!!
cisco5456@live.com:Armenta5456!!
jadiii@hotmail.it:Ciaoatt7
luciano.bachesque@hotmail.com:Dinner10
emirdesen1286@hotmail.com:Ozkan123-
lorena.fuente@hotmail.es:Cogeces69**
lvl0rt@hotmail.com:159753Juan
yanina-nina@hotmail.com:Yanina1010
py.ly@hotmail.com:Cris2001?
astrid.nowak@hotmail.com:Hund1967
amjexpress@hotmail.com:Ariel2467@
josssmiles@hotmail.co.uk:Filangee1!
naser_mohamadi1996@outlook.com:Naser9675
caracw8@outlook.com:Shopkins10!
nunodutrapinto@hotmail.com:Nudupi08!!!!
james_wang123@hotmail.com:Superspeedballs1!
anagaher03@hotmail.com:Chiquillo3
freddan_f@msn.com:Gotet2010
waido_10@hotmail.com:Wn123456@
ht1tps://t.me/Z_4VS
OrangeBowSensei@hotmail.com:bmatts13
collbed@hotmail.co.uk:Bedcoll66!
1https://t.me/Z_4VS
samird_44@hotmail.com:Sasha3010@@
courtinc@hotmail.fr:Clemence7
inescentelles@hotmail.com:Atzeneta1982
jmgm13175@msn.com:January75
ninho121@hotmail.com:Toni1959
freddiet29@hotmail.com:1571010Th
VALIDATEDSOURCE@Z_4VSBUY
wolfcloud_source@live.com:Yp7*Tr6Qx8
sophie.massoni@hotmail.fr:Sandy24600*
nattryp@hotmail.com:Fena0000
rodrigo_mota01@hotmail.com:Hesoyam123@
karlman94@hotmail.fr:Leiria94?
matias.dimauro@outlook.com:Matias41280175
sweetmoony@hotmail.it:Moniamonia83!
nikthebest@hotmail.it:Impavida15!
wolfcloud_privates@live.com:HiddenAccessYq6!
eedilio@hotmail.com:Maia143214@@
ibarra_vanessa@hotmail.com:Bolsitas123.
data_access_wolfcloud@msn.com:TrustedTr5!Lm2
javier-22-@hotmail.com:Hermetik01@
mehmet3442_@hotmail.com:Qweqwe12qwe
crozier01@hotmail.com:Macfaden1@
lozzababe1@hotmail.com:Americas1234!
wolfcloud_encoded@msn.com:Lm7$Xr9Secure
gyulano@hotmail.com:Haha0874
tomo126@msn.com:Aerosmith1
paulo_rmoco@hotmail.com:Meucabecao0110
extracted.by.z4vs@msn.com:VaultXr6*Lp2
niggaless@hotmail.com:Motherless1
fernandopes2011@hotmail.com:Fer26102000?
z4vs_verified_access@live.com:Rq8$Yp4Secure
andreaperrone1994@outlook.it:Matteo2008!
laeti-geneve@hotmail.ch:Mosquera2002
tdbruner@outlook.com:Hannah420!
jullyana_alves1@hotmail.com:Kaju2106#
loveaska0329@hotmail.com:Angela00
lavinya@hotmail.fr:Lavi54500!
raulfructuoso@hotmail.com:Raul7764
jli31@hotmail.com:Publish01
sheyna2002@hotmail.com:Cr112355@
VALIDATEDSOURCE@Z_4VSBUY
teeroni1974@live.com:Business29$$$
metehanrey@hotmail.com:010203METE.
arhereroy@outlook.com:R1ddear028936679
lasvegas2828@hotmail.com:lanatovitz@
pointerron@hotmail.com:Rp102042
ceciliaaymara@hotmail.com:Amaicha594
lamlam26@hotmail.com:Lam97863223$
navindramangra@hotmail.com:heatocan410!
data_access_wolfcloud@msn.com:TrustedTr5!Lm2
tiagogenero99@outlook.es:Carc1889
anatilde10@hotmail.com:Futura22
marcellamwsantoro@outlook.com:Rws240665$$
wolfcloud_source@live.com:Yp7*Tr6Qx8
clareriley22@hotmail.co.uk:Jackjake32!!
ljepotica_n@hotmail.com:Njunjek1!
angelmbueno@outlook.com:Amb6183gdb
h172827c@hotmail.com:Cedhen8888*
dansrenaud@hotmail.be:Amalgame.8
brunom_ferreira1@hotmail.com:Navygel4
rosdi_goh@hotmail.com:Mugo291ee
izil.morikawa@hotmail.com:Aurikawa01!
ciarafabi@live.it:Fabiana4ever
fishcaptainlee@live.com:Dlgofc01!!!
alangseth@hotmail.no:Amzi1234
shahzab999@outlook.com:Shahzab1!!
marcioacbarcelos@hotmail.com:Nenhuma1
exclusive_wolfcloud_db@live.com:VaultTm8$Yp9
julieta-miguel@hotmail.com:Ju226701
paul_moser@live.com:Contest60
lissethpalmaa@hotmail.com:Calderon2001!
insanepain101@hotmail.com:Monopoly1
conleymarcus@hotmail.com:Tarzan123!
fritser_man@hotmail.com:Rosa1982.
english108@hotmail.com:Edward108
germano.vellone@hotmail.com:Angelica94!
VALIDATEDSOURCE@Z_4VSBUY
luketzap@hotmail.com:Z550mais0
biker_boy08@live.com:Killed101
jeremiahrr@live.com:Polarbear2020!
wolfcloud_encoded@msn.com:Lm7$Xr9Secure
redskulls_@hotmail.co.uk:Westhamkid2k9
ranyamarrakchi@hotmail.co.uk:Roromak77@
hot-dog666@hotmail.com:Jeanseb7844$
qinchao0229@outlook.com:Qc171319
gustavo_guadanhini@hotmail.com:Rumoserfeliz
daehwa79@hotmail.com:epsl0921!!!
carlosenrique1025@hotmail.com:Mis3hijos
millaborgesdacruz@hotmail.com:Brasil34
real_alex2013@hotmail.com:Alex3007
silvia.olivares@hotmail.com:08Santiago
joelaniasabrina@hotmail.com:Jo041183*
secure_extract_z4vs@msn.com:Tk8$Xr9Protected
wolfcloud_auth@outlook.com:Z4VS!Xp7Lm9
adonis_lasombra@hotmail.com:Placesee2
daydene@hotmail.com:Dbmeaa123..
amaelle79260@hotmail.com:Eleana1234!!
kingcurt4@hotmail.com:Golfnut51!
stensvig_1992@hotmail.com:Benj201092!
saviapellino@hotmail.it:Pasquale08@
loyspayan@hotmail.com:Infarquisa1520
elmo_632@hotmail.com:Caritos632
wc_secure_login@msn.com:Lm9$Xr5Vault
shimomurah@hotmail.co.jp:Shimo1122
pamela.faine@hotmail.fr:Emma091212
emily.warren2@hotmail.co.uk:Gordon4978!!
emilievilleneuve1@hotmail.com:Emilie1995!
VALIDATEDSOURCE@Z_4VSBUY
asaelfox@hotmail.com:Nomeacuerdo123@
renisomandrade18@hotmail.com:reni1988
secure_extract_z4vs@msn.com:Tk8$Xr9Protected
rebeccanobes@hotmail.com:Alicante99!!
fresno76@hotmail.com:Quimica1976#
denise_meeches@msn.com:Meeches10
cathyarakaki@hotmail.com:Moomoo22!!
dickmacwilliams@hotmail.com:macw1952123
felicidadyexito_22@hotmail.es:Eventos08
priscilla_queiroz@hotmail.com:Pri11060500
bari.antonio@live.it:Antonio84
muhammedemindogannar@hotmail.com:Xt7q7ssk6@@@@@
lizzy_emma@hotmail.com:charlotte1213
diegocbf@outlook.com.br:Baco1989!!!!
playaychocolate@hotmail.com:Campeona1!
anderson.renato.silva@hotmail.com:Velozes182#
priscy.nana.96@hotmail.com:Lunadeldeserto96
aitor028@hotmail.com:Salvador74
1https://t.me/Z_4VS
ju_covizzi@hotmail.com:Juliana320*
alejandroenrique4312@hotmail.com:Snoopy4312.
z4vs_verified_access@live.com:Rq8$Yp4Secure
zoro1988@live.it:Andrebest88!
leao-rey@hotmail.com:Kassio659444
pabloaem21@hotmail.com:Pablo2001
anita_forciniti@hotmail.com:Roque2019
mariodibe11@hotmail.com:Manizales74*
serafi93@msn.com:Sera18937
data_access_wolfcloud@msn.com:TrustedTr5!Lm2
corita40@live.com:Transito80
ht1tps://t.me/Z_4VS
arthurdalpra@hotmail.com:Corrente920
wc_secure_login@msn.com:Lm9$Xr5Vault
reinalds_jr@hotmail.com:Mane1975@@@##
wolfcloud_auth@outlook.com:Z4VS!Xp7Lm9
modenalorenzo@hotmail.it:Tigro3333
pkhuram@hotmail.com:Kh1234567
daniela-galia@hotmail.com:Florcita1
hello2kal@hotmail.com:1961KalUberaba$
giselle_estrada_1995@outlook.com:Gigito11
private_Cloud_Wolf@outlook.com:Nf9$Xp7Vault
babirmartins@hotmail.com:Babi2008
pointblank16@hotmail.es:Alixter95
wrcgatorboy@hotmail.com:L2l4ever$1
exclusive_wolfcloud_db@live.com:VaultTm8$Yp9
mahammed1998@outlook.com:1998Mnbvcxz
wc_premium_source@outlook.com:VaultLm7!Qx5
marciastockler@hotmail.com:Ma200370
lluvia_mavileidy@hotmail.com:Mabita123.
bern-ac-ansiz@hotmail.com:54Sakarya
limweetheng@hotmail.com:Jj05zr09
abgconsult@outlook.es:A1b11954@
rony_lony16@hotmail.com:Gazolina1989!
rossb2003@msn.com:Olivegrove87!!
edwinalmonte36@hotmail.com:Almonte32!!
mariaceliassilva2002@hotmail.com:Tatacecetata1!
mjj198822@outlook.com:Angelgirl20
sylwia.wierzbicka94@hotmail.com:Sw19112009!!!
y.farahine@hotmail.fr:Yasmine2020!!
sukran_06ankara@hotmail.com:Ps812685
aleprado_1@hotmail.com:ale2168229
carol_viipsmoraes@hotmail.com:Reaver159@
aran1891@outlook.co.th:Mm1430500256645
chamib@hotmail.fr:Ben@0uda
paco-ayc@hotmail.com:Ayc101110.
1https://t.me/Z_4VS
l0unadu15@outlook.fr:Louloudu15*
lecorgne_308@hotmail.com:Plombier35+**
retoklaera@hotmail.com:@Zara20204020$$
giuse2966@hotmail.com:Mariolina78
littlewulff38@hotmail.com:mns123tas
breno.carniato@live.com:Cada5163
ju_maia@msn.com:Ted36juikg
wolfcloud_encoded@msn.com:Lm7$Xr9Secure
z4vs_verified_access@live.com:Rq8$Yp4Secure
z4vs_verified_access@live.com:Rq8$Yp4Secure
extracted.by.z4vs@msn.com:VaultXr6*Lp2
1https://t.me/Z_4VS
WVALIDWQUALITY@Z_4VSwBUY
wc_premium_source@outlook.com:VaultLm7!Qx5
CLOUDSOURCEDB_WOLF@outlook.comW:@Z_4VS
========================================================
3 day - 10ðŸ’²
7 days - 30ðŸ’²
1 month - 70ðŸ’²
3 month - 140ðŸ’²

â€¢ Daily uploads ðŸ“¥  
â€¢ Premium Cloud Service ðŸ‘‘  
â€¢ Best Private Hotmail Accounts ðŸ‘‘  
â€¢ Daily updates of 5000-30,000 fresh, high-quality, and Valids accounts âœ… 

      public channel: https://t.me/+uTq4ZOVpt9tkMzE0

               Owner: @Z_4VS
========================================================
